
*** Running vivado
    with args -log test_env.vdi -applog -m64 -product Vivado -messageDb vivado.pb -mode batch -source test_env.tcl -notrace


****** Vivado v2018.3 (64-bit)
  **** SW Build 2405991 on Thu Dec  6 23:38:27 MST 2018
  **** IP Build 2404404 on Fri Dec  7 01:43:56 MST 2018
    ** Copyright 1986-2018 Xilinx, Inc. All Rights Reserved.

source test_env.tcl -notrace
Command: link_design -top test_env -part xc7a100tcsg324-1
Design is defaulting to srcset: sources_1
Design is defaulting to constrset: constrs_1
INFO: [Netlist 29-17] Analyzing 36 Unisim elements for replacement
INFO: [Netlist 29-28] Unisim Transformation completed in 1 CPU seconds
INFO: [Project 1-479] Netlist was created with Vivado 2018.3
INFO: [Device 21-403] Loading part xc7a100tcsg324-1
INFO: [Project 1-570] Preparing netlist for logic optimization
Parsing XDC File [C:/Users/ASUS/Downloads/NexysA7_test_env.xdc]
Finished Parsing XDC File [C:/Users/ASUS/Downloads/NexysA7_test_env.xdc]
INFO: [Opt 31-138] Pushed 0 inverter(s) to 0 load pin(s).
Netlist sorting complete. Time (s): cpu = 00:00:00 ; elapsed = 00:00:00 . Memory (MB): peak = 660.438 ; gain = 0.000
INFO: [Project 1-111] Unisim Transformation Summary:
  A total of 12 instances were transformed.
  RAM32M => RAM32M (RAMD32, RAMD32, RAMD32, RAMD32, RAMD32, RAMD32, RAMS32, RAMS32): 12 instances

7 Infos, 0 Warnings, 0 Critical Warnings and 0 Errors encountered.
link_design completed successfully
link_design: Time (s): cpu = 00:00:08 ; elapsed = 00:00:10 . Memory (MB): peak = 660.438 ; gain = 335.367
Command: opt_design
Attempting to get a license for feature 'Implementation' and/or device 'xc7a100t'
INFO: [Common 17-349] Got license for feature 'Implementation' and/or device 'xc7a100t'
Running DRC as a precondition to command opt_design

Starting DRC Task
INFO: [DRC 23-27] Running DRC with 2 threads
INFO: [Project 1-461] DRC finished with 0 Errors
INFO: [Project 1-462] Please refer to the DRC report (report_drc) for more information.

Time (s): cpu = 00:00:02 ; elapsed = 00:00:01 . Memory (MB): peak = 672.453 ; gain = 12.016

Starting Cache Timing Information Task
INFO: [Timing 38-35] Done setting XDC timing constraints.
Ending Cache Timing Information Task | Checksum: 1d5ff033e

Time (s): cpu = 00:00:15 ; elapsed = 00:00:17 . Memory (MB): peak = 1233.105 ; gain = 560.652

Starting Logic Optimization Task

Phase 1 Retarget
INFO: [Opt 31-138] Pushed 0 inverter(s) to 0 load pin(s).
INFO: [Opt 31-49] Retargeted 0 cell(s).
Phase 1 Retarget | Checksum: 1d5ff033e

Time (s): cpu = 00:00:00 ; elapsed = 00:00:00.270 . Memory (MB): peak = 1330.465 ; gain = 0.000
INFO: [Opt 31-389] Phase Retarget created 0 cells and removed 0 cells

Phase 2 Constant propagation
INFO: [Opt 31-138] Pushed 0 inverter(s) to 0 load pin(s).
Phase 2 Constant propagation | Checksum: 21fd902c1

Time (s): cpu = 00:00:00 ; elapsed = 00:00:00.877 . Memory (MB): peak = 1330.465 ; gain = 0.000
INFO: [Opt 31-389] Phase Constant propagation created 0 cells and removed 0 cells

Phase 3 Sweep
Phase 3 Sweep | Checksum: 25809efbf

Time (s): cpu = 00:00:00 ; elapsed = 00:00:01 . Memory (MB): peak = 1330.465 ; gain = 0.000
INFO: [Opt 31-389] Phase Sweep created 0 cells and removed 0 cells

Phase 4 BUFG optimization
Phase 4 BUFG optimization | Checksum: 25809efbf

Time (s): cpu = 00:00:00 ; elapsed = 00:00:01 . Memory (MB): peak = 1330.465 ; gain = 0.000
INFO: [Opt 31-662] Phase BUFG optimization created 0 cells of which 0 are BUFGs and removed 0 cells.

Phase 5 Shift Register Optimization
Phase 5 Shift Register Optimization | Checksum: 1db0155fb

Time (s): cpu = 00:00:00 ; elapsed = 00:00:02 . Memory (MB): peak = 1330.465 ; gain = 0.000
INFO: [Opt 31-389] Phase Shift Register Optimization created 0 cells and removed 0 cells

Phase 6 Post Processing Netlist
Phase 6 Post Processing Netlist | Checksum: 1db0155fb

Time (s): cpu = 00:00:00 ; elapsed = 00:00:02 . Memory (MB): peak = 1330.465 ; gain = 0.000
INFO: [Opt 31-389] Phase Post Processing Netlist created 0 cells and removed 0 cells
Opt_design Change Summary
=========================


-------------------------------------------------------------------------------------------------------------------------
|  Phase                        |  #Cells created  |  #Cells Removed  |  #Constrained objects preventing optimizations  |
-------------------------------------------------------------------------------------------------------------------------
|  Retarget                     |               0  |               0  |                                              0  |
|  Constant propagation         |               0  |               0  |                                              0  |
|  Sweep                        |               0  |               0  |                                              0  |
|  BUFG optimization            |               0  |               0  |                                              0  |
|  Shift Register Optimization  |               0  |               0  |                                              0  |
|  Post Processing Netlist      |               0  |               0  |                                              0  |
-------------------------------------------------------------------------------------------------------------------------



Starting Connectivity Check Task

Time (s): cpu = 00:00:00 ; elapsed = 00:00:00.002 . Memory (MB): peak = 1330.465 ; gain = 0.000
Ending Logic Optimization Task | Checksum: 1db0155fb

Time (s): cpu = 00:00:00 ; elapsed = 00:00:02 . Memory (MB): peak = 1330.465 ; gain = 0.000

Starting Power Optimization Task
INFO: [Pwropt 34-132] Skipping clock gating for clocks with a period < 2.00 ns.
Ending Power Optimization Task | Checksum: 1db0155fb

Time (s): cpu = 00:00:00 ; elapsed = 00:00:00.046 . Memory (MB): peak = 1330.465 ; gain = 0.000

Starting Final Cleanup Task
Ending Final Cleanup Task | Checksum: 1db0155fb

Time (s): cpu = 00:00:00 ; elapsed = 00:00:00 . Memory (MB): peak = 1330.465 ; gain = 0.000

Starting Netlist Obfuscation Task
Netlist sorting complete. Time (s): cpu = 00:00:00 ; elapsed = 00:00:00.001 . Memory (MB): peak = 1330.465 ; gain = 0.000
Ending Netlist Obfuscation Task | Checksum: 1db0155fb

Time (s): cpu = 00:00:00 ; elapsed = 00:00:00.001 . Memory (MB): peak = 1330.465 ; gain = 0.000
INFO: [Common 17-83] Releasing license: Implementation
23 Infos, 0 Warnings, 0 Critical Warnings and 0 Errors encountered.
opt_design completed successfully
opt_design: Time (s): cpu = 00:00:19 ; elapsed = 00:00:22 . Memory (MB): peak = 1330.465 ; gain = 670.027
Netlist sorting complete. Time (s): cpu = 00:00:00 ; elapsed = 00:00:00.001 . Memory (MB): peak = 1330.465 ; gain = 0.000
INFO: [Timing 38-480] Writing timing data to binary archive.
Writing placer database...
Writing XDEF routing.
Writing XDEF routing logical nets.
Writing XDEF routing special nets.
Write XDEF Complete: Time (s): cpu = 00:00:00 ; elapsed = 00:00:00.127 . Memory (MB): peak = 1330.465 ; gain = 0.000
Netlist sorting complete. Time (s): cpu = 00:00:00 ; elapsed = 00:00:00.001 . Memory (MB): peak = 1330.465 ; gain = 0.000
INFO: [Common 17-1381] The checkpoint 'C:/Users/ASUS/Desktop/AN2_SEM2/AC/LAB1/lab1AC.runs/impl_1/test_env_opt.dcp' has been generated.
INFO: [runtcl-4] Executing : report_drc -file test_env_drc_opted.rpt -pb test_env_drc_opted.pb -rpx test_env_drc_opted.rpx
Command: report_drc -file test_env_drc_opted.rpt -pb test_env_drc_opted.pb -rpx test_env_drc_opted.rpx
INFO: [IP_Flow 19-234] Refreshing IP repositories
INFO: [IP_Flow 19-1704] No user IP repositories specified
INFO: [IP_Flow 19-2313] Loaded Vivado IP repository 'C:/Xilinx/Vivado/2018.3/data/ip'.
INFO: [DRC 23-27] Running DRC with 2 threads
INFO: [Coretcl 2-168] The results of DRC are in file C:/Users/ASUS/Desktop/AN2_SEM2/AC/LAB1/lab1AC.runs/impl_1/test_env_drc_opted.rpt.
report_drc completed successfully
report_drc: Time (s): cpu = 00:00:07 ; elapsed = 00:00:08 . Memory (MB): peak = 1330.465 ; gain = 0.000
Command: place_design
Attempting to get a license for feature 'Implementation' and/or device 'xc7a100t'
INFO: [Common 17-349] Got license for feature 'Implementation' and/or device 'xc7a100t'
INFO: [DRC 23-27] Running DRC with 2 threads
INFO: [Vivado_Tcl 4-198] DRC finished with 0 Errors
INFO: [Vivado_Tcl 4-199] Please refer to the DRC report (report_drc) for more information.
Running DRC as a precondition to command place_design
INFO: [DRC 23-27] Running DRC with 2 threads
INFO: [Vivado_Tcl 4-198] DRC finished with 0 Errors
INFO: [Vivado_Tcl 4-199] Please refer to the DRC report (report_drc) for more information.

Starting Placer Task
INFO: [Place 30-611] Multithreading enabled for place_design using a maximum of 2 CPUs

Phase 1 Placer Initialization

Phase 1.1 Placer Initialization Netlist Sorting
Netlist sorting complete. Time (s): cpu = 00:00:00 ; elapsed = 00:00:00.001 . Memory (MB): peak = 1330.465 ; gain = 0.000
Phase 1.1 Placer Initialization Netlist Sorting | Checksum: 1c7ccbc53

Time (s): cpu = 00:00:00 ; elapsed = 00:00:00.036 . Memory (MB): peak = 1330.465 ; gain = 0.000
Netlist sorting complete. Time (s): cpu = 00:00:00 ; elapsed = 00:00:00.001 . Memory (MB): peak = 1330.465 ; gain = 0.000

Phase 1.2 IO Placement/ Clock Placement/ Build Placer Device
INFO: [Timing 38-35] Done setting XDC timing constraints.
Phase 1.2 IO Placement/ Clock Placement/ Build Placer Device | Checksum: 12940ba03

Time (s): cpu = 00:00:02 ; elapsed = 00:00:02 . Memory (MB): peak = 1332.609 ; gain = 2.145

Phase 1.3 Build Placer Netlist Model
Phase 1.3 Build Placer Netlist Model | Checksum: 18183c740

Time (s): cpu = 00:00:03 ; elapsed = 00:00:02 . Memory (MB): peak = 1340.262 ; gain = 9.797

Phase 1.4 Constrain Clocks/Macros
Phase 1.4 Constrain Clocks/Macros | Checksum: 18183c740

Time (s): cpu = 00:00:03 ; elapsed = 00:00:02 . Memory (MB): peak = 1340.262 ; gain = 9.797
Phase 1 Placer Initialization | Checksum: 18183c740

Time (s): cpu = 00:00:03 ; elapsed = 00:00:02 . Memory (MB): peak = 1340.262 ; gain = 9.797

Phase 2 Global Placement

Phase 2.1 Floorplanning
Phase 2.1 Floorplanning | Checksum: 1d6917ccc

Time (s): cpu = 00:00:03 ; elapsed = 00:00:02 . Memory (MB): peak = 1340.262 ; gain = 9.797

Phase 2.2 Physical Synthesis In Placer
INFO: [Physopt 32-65] No nets found for high-fanout optimization.
INFO: [Physopt 32-232] Optimized 0 net. Created 0 new instance.
INFO: [Physopt 32-775] End 1 Pass. Optimized 0 net or cell. Created 0 new cell, deleted 0 existing cell and moved 0 existing cell
INFO: [Physopt 32-670] No setup violation found.  DSP Register Optimization was not performed.
INFO: [Physopt 32-670] No setup violation found.  Shift Register Optimization was not performed.
INFO: [Physopt 32-670] No setup violation found.  BRAM Register Optimization was not performed.
INFO: [Physopt 32-949] No candidate nets found for HD net replication
INFO: [Physopt 32-775] End 1 Pass. Optimized 0 net or cell. Created 0 new cell, deleted 0 existing cell and moved 0 existing cell
Netlist sorting complete. Time (s): cpu = 00:00:00 ; elapsed = 00:00:00 . Memory (MB): peak = 1340.262 ; gain = 0.000

Summary of Physical Synthesis Optimizations
============================================


----------------------------------------------------------------------------------------------------------------------------------------
|  Optimization                  |  Added Cells  |  Removed Cells  |  Optimized Cells/Nets  |  Dont Touch  |  Iterations  |  Elapsed   |
----------------------------------------------------------------------------------------------------------------------------------------
|  Very High Fanout              |            0  |              0  |                     0  |           0  |           1  |  00:00:00  |
|  DSP Register                  |            0  |              0  |                     0  |           0  |           0  |  00:00:00  |
|  Shift Register                |            0  |              0  |                     0  |           0  |           0  |  00:00:00  |
|  BRAM Register                 |            0  |              0  |                     0  |           0  |           0  |  00:00:00  |
|  HD Interface Net Replication  |            0  |              0  |                     0  |           0  |           1  |  00:00:00  |
|  Total                         |            0  |              0  |                     0  |           0  |           2  |  00:00:00  |
----------------------------------------------------------------------------------------------------------------------------------------


Phase 2.2 Physical Synthesis In Placer | Checksum: 1909ec03a

Time (s): cpu = 00:00:05 ; elapsed = 00:00:04 . Memory (MB): peak = 1340.262 ; gain = 9.797
Phase 2 Global Placement | Checksum: 205950c4e

Time (s): cpu = 00:00:06 ; elapsed = 00:00:04 . Memory (MB): peak = 1340.262 ; gain = 9.797

Phase 3 Detail Placement

Phase 3.1 Commit Multi Column Macros
Phase 3.1 Commit Multi Column Macros | Checksum: 205950c4e

Time (s): cpu = 00:00:06 ; elapsed = 00:00:04 . Memory (MB): peak = 1340.262 ; gain = 9.797

Phase 3.2 Commit Most Macros & LUTRAMs
Phase 3.2 Commit Most Macros & LUTRAMs | Checksum: 1733badf5

Time (s): cpu = 00:00:06 ; elapsed = 00:00:04 . Memory (MB): peak = 1340.262 ; gain = 9.797

Phase 3.3 Area Swap Optimization
Phase 3.3 Area Swap Optimization | Checksum: 154989eb9

Time (s): cpu = 00:00:06 ; elapsed = 00:00:04 . Memory (MB): peak = 1340.262 ; gain = 9.797

Phase 3.4 Pipeline Register Optimization
Phase 3.4 Pipeline Register Optimization | Checksum: 1415a8e73

Time (s): cpu = 00:00:06 ; elapsed = 00:00:04 . Memory (MB): peak = 1340.262 ; gain = 9.797

Phase 3.5 Small Shape Detail Placement
Phase 3.5 Small Shape Detail Placement | Checksum: 21490013f

Time (s): cpu = 00:00:06 ; elapsed = 00:00:05 . Memory (MB): peak = 1340.262 ; gain = 9.797

Phase 3.6 Re-assign LUT pins
Phase 3.6 Re-assign LUT pins | Checksum: 1cfa71c39

Time (s): cpu = 00:00:06 ; elapsed = 00:00:05 . Memory (MB): peak = 1340.262 ; gain = 9.797

Phase 3.7 Pipeline Register Optimization
Phase 3.7 Pipeline Register Optimization | Checksum: 1a064cc7f

Time (s): cpu = 00:00:06 ; elapsed = 00:00:05 . Memory (MB): peak = 1340.262 ; gain = 9.797
Phase 3 Detail Placement | Checksum: 1a064cc7f

Time (s): cpu = 00:00:06 ; elapsed = 00:00:05 . Memory (MB): peak = 1340.262 ; gain = 9.797

Phase 4 Post Placement Optimization and Clean-Up

Phase 4.1 Post Commit Optimization
INFO: [Timing 38-35] Done setting XDC timing constraints.

Phase 4.1.1 Post Placement Optimization
Post Placement Optimization Initialization | Checksum: 22deddac7

Phase 4.1.1.1 BUFG Insertion
INFO: [Place 46-46] BUFG insertion identified 0 candidate nets, 0 success, 0 bufg driver replicated, 0 skipped for placement/routing, 0 skipped for timing, 0 skipped for netlist change reason
Phase 4.1.1.1 BUFG Insertion | Checksum: 22deddac7

Time (s): cpu = 00:00:07 ; elapsed = 00:00:05 . Memory (MB): peak = 1343.652 ; gain = 13.188
INFO: [Place 30-746] Post Placement Timing Summary WNS=5.625. For the most accurate timing information please run report_timing.
Phase 4.1.1 Post Placement Optimization | Checksum: 1e2ee0bad

Time (s): cpu = 00:00:07 ; elapsed = 00:00:05 . Memory (MB): peak = 1343.652 ; gain = 13.188
Phase 4.1 Post Commit Optimization | Checksum: 1e2ee0bad

Time (s): cpu = 00:00:07 ; elapsed = 00:00:05 . Memory (MB): peak = 1343.652 ; gain = 13.188

Phase 4.2 Post Placement Cleanup
Phase 4.2 Post Placement Cleanup | Checksum: 1e2ee0bad

Time (s): cpu = 00:00:07 ; elapsed = 00:00:05 . Memory (MB): peak = 1343.652 ; gain = 13.188

Phase 4.3 Placer Reporting
Phase 4.3 Placer Reporting | Checksum: 1e2ee0bad

Time (s): cpu = 00:00:07 ; elapsed = 00:00:05 . Memory (MB): peak = 1343.652 ; gain = 13.188

Phase 4.4 Final Placement Cleanup
Netlist sorting complete. Time (s): cpu = 00:00:00 ; elapsed = 00:00:00.001 . Memory (MB): peak = 1343.652 ; gain = 0.000
Phase 4.4 Final Placement Cleanup | Checksum: 1edc48e1d

Time (s): cpu = 00:00:07 ; elapsed = 00:00:05 . Memory (MB): peak = 1343.652 ; gain = 13.188
Phase 4 Post Placement Optimization and Clean-Up | Checksum: 1edc48e1d

Time (s): cpu = 00:00:07 ; elapsed = 00:00:05 . Memory (MB): peak = 1343.652 ; gain = 13.188
Ending Placer Task | Checksum: 1637a5c18

Time (s): cpu = 00:00:07 ; elapsed = 00:00:05 . Memory (MB): peak = 1343.652 ; gain = 13.188
INFO: [Common 17-83] Releasing license: Implementation
52 Infos, 0 Warnings, 0 Critical Warnings and 0 Errors encountered.
place_design completed successfully
place_design: Time (s): cpu = 00:00:09 ; elapsed = 00:00:06 . Memory (MB): peak = 1343.652 ; gain = 13.188
Netlist sorting complete. Time (s): cpu = 00:00:00 ; elapsed = 00:00:00.001 . Memory (MB): peak = 1343.652 ; gain = 0.000
INFO: [Timing 38-480] Writing timing data to binary archive.
Writing placer database...
Writing XDEF routing.
Writing XDEF routing logical nets.
Writing XDEF routing special nets.
Write XDEF Complete: Time (s): cpu = 00:00:00 ; elapsed = 00:00:00.147 . Memory (MB): peak = 1351.254 ; gain = 7.602
Netlist sorting complete. Time (s): cpu = 00:00:00 ; elapsed = 00:00:00.001 . Memory (MB): peak = 1351.254 ; gain = 0.000
INFO: [Common 17-1381] The checkpoint 'C:/Users/ASUS/Desktop/AN2_SEM2/AC/LAB1/lab1AC.runs/impl_1/test_env_placed.dcp' has been generated.
INFO: [runtcl-4] Executing : report_io -file test_env_io_placed.rpt
report_io: Time (s): cpu = 00:00:00 ; elapsed = 00:00:00.124 . Memory (MB): peak = 1351.270 ; gain = 0.000
INFO: [runtcl-4] Executing : report_utilization -file test_env_utilization_placed.rpt -pb test_env_utilization_placed.pb
INFO: [runtcl-4] Executing : report_control_sets -verbose -file test_env_control_sets_placed.rpt
report_control_sets: Time (s): cpu = 00:00:00 ; elapsed = 00:00:00.006 . Memory (MB): peak = 1351.270 ; gain = 0.000
Command: route_design
Attempting to get a license for feature 'Implementation' and/or device 'xc7a100t'
INFO: [Common 17-349] Got license for feature 'Implementation' and/or device 'xc7a100t'
Running DRC as a precondition to command route_design
INFO: [DRC 23-27] Running DRC with 2 threads
INFO: [Vivado_Tcl 4-198] DRC finished with 0 Errors
INFO: [Vivado_Tcl 4-199] Please refer to the DRC report (report_drc) for more information.


Starting Routing Task
INFO: [Route 35-254] Multithreading enabled for route_design using a maximum of 2 CPUs
Checksum: PlaceDB: b0010161 ConstDB: 0 ShapeSum: b3795ab7 RouteDB: 0

Phase 1 Build RT Design
Phase 1 Build RT Design | Checksum: de2bfad7

Time (s): cpu = 00:00:57 ; elapsed = 00:00:51 . Memory (MB): peak = 1505.414 ; gain = 154.145
Post Restoration Checksum: NetGraph: 7da0f460 NumContArr: 608b0677 Constraints: 0 Timing: 0

Phase 2 Router Initialization

Phase 2.1 Create Timer
Phase 2.1 Create Timer | Checksum: de2bfad7

Time (s): cpu = 00:00:57 ; elapsed = 00:00:51 . Memory (MB): peak = 1537.730 ; gain = 186.461

Phase 2.2 Fix Topology Constraints
Phase 2.2 Fix Topology Constraints | Checksum: de2bfad7

Time (s): cpu = 00:00:58 ; elapsed = 00:00:51 . Memory (MB): peak = 1544.117 ; gain = 192.848

Phase 2.3 Pre Route Cleanup
Phase 2.3 Pre Route Cleanup | Checksum: de2bfad7

Time (s): cpu = 00:00:58 ; elapsed = 00:00:51 . Memory (MB): peak = 1544.117 ; gain = 192.848
 Number of Nodes with overlaps = 0

Phase 2.4 Update Timing
Phase 2.4 Update Timing | Checksum: 1500a0696

Time (s): cpu = 00:00:58 ; elapsed = 00:00:52 . Memory (MB): peak = 1552.234 ; gain = 200.965
INFO: [Route 35-416] Intermediate Timing Summary | WNS=5.581  | TNS=0.000  | WHS=-0.020 | THS=-0.150 |

Phase 2 Router Initialization | Checksum: 192fc5b36

Time (s): cpu = 00:00:58 ; elapsed = 00:00:52 . Memory (MB): peak = 1552.234 ; gain = 200.965

Phase 3 Initial Routing
Phase 3 Initial Routing | Checksum: eba7b138

Time (s): cpu = 00:00:58 ; elapsed = 00:00:52 . Memory (MB): peak = 1552.855 ; gain = 201.586

Phase 4 Rip-up And Reroute

Phase 4.1 Global Iteration 0
 Number of Nodes with overlaps = 17
 Number of Nodes with overlaps = 0
INFO: [Route 35-416] Intermediate Timing Summary | WNS=5.539  | TNS=0.000  | WHS=N/A    | THS=N/A    |

Phase 4.1 Global Iteration 0 | Checksum: 18eacb44b

Time (s): cpu = 00:00:59 ; elapsed = 00:00:52 . Memory (MB): peak = 1552.859 ; gain = 201.590
Phase 4 Rip-up And Reroute | Checksum: 18eacb44b

Time (s): cpu = 00:00:59 ; elapsed = 00:00:52 . Memory (MB): peak = 1552.859 ; gain = 201.590

Phase 5 Delay and Skew Optimization

Phase 5.1 Delay CleanUp
Phase 5.1 Delay CleanUp | Checksum: 18eacb44b

Time (s): cpu = 00:00:59 ; elapsed = 00:00:52 . Memory (MB): peak = 1552.859 ; gain = 201.590

Phase 5.2 Clock Skew Optimization
Phase 5.2 Clock Skew Optimization | Checksum: 18eacb44b

Time (s): cpu = 00:00:59 ; elapsed = 00:00:52 . Memory (MB): peak = 1552.859 ; gain = 201.590
Phase 5 Delay and Skew Optimization | Checksum: 18eacb44b

Time (s): cpu = 00:00:59 ; elapsed = 00:00:52 . Memory (MB): peak = 1552.859 ; gain = 201.590

Phase 6 Post Hold Fix

Phase 6.1 Hold Fix Iter

Phase 6.1.1 Update Timing
Phase 6.1.1 Update Timing | Checksum: 101f0c03c

Time (s): cpu = 00:00:59 ; elapsed = 00:00:52 . Memory (MB): peak = 1552.859 ; gain = 201.590
INFO: [Route 35-416] Intermediate Timing Summary | WNS=5.636  | TNS=0.000  | WHS=0.236  | THS=0.000  |

Phase 6.1 Hold Fix Iter | Checksum: 101f0c03c

Time (s): cpu = 00:00:59 ; elapsed = 00:00:52 . Memory (MB): peak = 1552.859 ; gain = 201.590
Phase 6 Post Hold Fix | Checksum: 101f0c03c

Time (s): cpu = 00:00:59 ; elapsed = 00:00:52 . Memory (MB): peak = 1552.859 ; gain = 201.590

Phase 7 Route finalize

Router Utilization Summary
  Global Vertical Routing Utilization    = 0.0371241 %
  Global Horizontal Routing Utilization  = 0.033177 %
  Routable Net Status*
  *Does not include unroutable nets such as driverless and loadless.
  Run report_route_status for detailed report.
  Number of Failed Nets               = 0
  Number of Unrouted Nets             = 0
  Number of Partially Routed Nets     = 0
  Number of Node Overlaps             = 0

Phase 7 Route finalize | Checksum: 101f0c03c

Time (s): cpu = 00:00:59 ; elapsed = 00:00:53 . Memory (MB): peak = 1552.859 ; gain = 201.590

Phase 8 Verifying routed nets

 Verification completed successfully
Phase 8 Verifying routed nets | Checksum: 101f0c03c

Time (s): cpu = 00:00:59 ; elapsed = 00:00:53 . Memory (MB): peak = 1554.891 ; gain = 203.621

Phase 9 Depositing Routes
Phase 9 Depositing Routes | Checksum: 168d204fc

Time (s): cpu = 00:00:59 ; elapsed = 00:00:53 . Memory (MB): peak = 1554.891 ; gain = 203.621

Phase 10 Post Router Timing
INFO: [Route 35-57] Estimated Timing Summary | WNS=5.636  | TNS=0.000  | WHS=0.236  | THS=0.000  |

INFO: [Route 35-327] The final timing numbers are based on the router estimated timing analysis. For a complete and accurate timing signoff, please run report_timing_summary.
Phase 10 Post Router Timing | Checksum: 168d204fc

Time (s): cpu = 00:00:59 ; elapsed = 00:00:53 . Memory (MB): peak = 1554.891 ; gain = 203.621
INFO: [Route 35-16] Router Completed Successfully

Time (s): cpu = 00:00:59 ; elapsed = 00:00:53 . Memory (MB): peak = 1554.891 ; gain = 203.621

Routing Is Done.
INFO: [Common 17-83] Releasing license: Implementation
69 Infos, 0 Warnings, 0 Critical Warnings and 0 Errors encountered.
route_design completed successfully
route_design: Time (s): cpu = 00:01:02 ; elapsed = 00:00:54 . Memory (MB): peak = 1554.891 ; gain = 203.621
Netlist sorting complete. Time (s): cpu = 00:00:00 ; elapsed = 00:00:00 . Memory (MB): peak = 1554.891 ; gain = 0.000
INFO: [Timing 38-480] Writing timing data to binary archive.
Writing placer database...
Writing XDEF routing.
Writing XDEF routing logical nets.
Writing XDEF routing special nets.
Netlist sorting complete. Time (s): cpu = 00:00:00 ; elapsed = 00:00:00 . Memory (MB): peak = 1554.891 ; gain = 0.000
Write XDEF Complete: Time (s): cpu = 00:00:00 ; elapsed = 00:00:00.154 . Memory (MB): peak = 1554.891 ; gain = 0.000
INFO: [Common 17-1381] The checkpoint 'C:/Users/ASUS/Desktop/AN2_SEM2/AC/LAB1/lab1AC.runs/impl_1/test_env_routed.dcp' has been generated.
INFO: [runtcl-4] Executing : report_drc -file test_env_drc_routed.rpt -pb test_env_drc_routed.pb -rpx test_env_drc_routed.rpx
Command: report_drc -file test_env_drc_routed.rpt -pb test_env_drc_routed.pb -rpx test_env_drc_routed.rpx
INFO: [IP_Flow 19-1839] IP Catalog is up to date.
INFO: [DRC 23-27] Running DRC with 2 threads
INFO: [Coretcl 2-168] The results of DRC are in file C:/Users/ASUS/Desktop/AN2_SEM2/AC/LAB1/lab1AC.runs/impl_1/test_env_drc_routed.rpt.
report_drc completed successfully
INFO: [runtcl-4] Executing : report_methodology -file test_env_methodology_drc_routed.rpt -pb test_env_methodology_drc_routed.pb -rpx test_env_methodology_drc_routed.rpx
Command: report_methodology -file test_env_methodology_drc_routed.rpt -pb test_env_methodology_drc_routed.pb -rpx test_env_methodology_drc_routed.rpx
INFO: [Timing 38-35] Done setting XDC timing constraints.
INFO: [DRC 23-133] Running Methodology with 2 threads
INFO: [Coretcl 2-1520] The results of Report Methodology are in file C:/Users/ASUS/Desktop/AN2_SEM2/AC/LAB1/lab1AC.runs/impl_1/test_env_methodology_drc_routed.rpt.
report_methodology completed successfully
INFO: [runtcl-4] Executing : report_power -file test_env_power_routed.rpt -pb test_env_power_summary_routed.pb -rpx test_env_power_routed.rpx
Command: report_power -file test_env_power_routed.rpt -pb test_env_power_summary_routed.pb -rpx test_env_power_routed.rpx
INFO: [Timing 38-35] Done setting XDC timing constraints.
Running Vector-less Activity Propagation...

Finished Running Vector-less Activity Propagation
81 Infos, 0 Warnings, 0 Critical Warnings and 0 Errors encountered.
report_power completed successfully
INFO: [runtcl-4] Executing : report_route_status -file test_env_route_status.rpt -pb test_env_route_status.pb
INFO: [runtcl-4] Executing : report_timing_summary -max_paths 10 -file test_env_timing_summary_routed.rpt -pb test_env_timing_summary_routed.pb -rpx test_env_timing_summary_routed.rpx -warn_on_violation 
INFO: [Timing 38-91] UpdateTimingParams: Speed grade: -1, Delay Type: min_max.
INFO: [Timing 38-191] Multithreading enabled for timing update using a maximum of 2 CPUs
INFO: [runtcl-4] Executing : report_incremental_reuse -file test_env_incremental_reuse_routed.rpt
INFO: [Vivado_Tcl 4-1062] Incremental flow is disabled. No incremental reuse Info to report.
INFO: [runtcl-4] Executing : report_clock_utilization -file test_env_clock_utilization_routed.rpt
INFO: [runtcl-4] Executing : report_bus_skew -warn_on_violation -file test_env_bus_skew_routed.rpt -pb test_env_bus_skew_routed.pb -rpx test_env_bus_skew_routed.rpx
INFO: [Timing 38-91] UpdateTimingParams: Speed grade: -1, Delay Type: min_max.
INFO: [Timing 38-191] Multithreading enabled for timing update using a maximum of 2 CPUs
Command: write_bitstream -force test_env.bit
Attempting to get a license for feature 'Implementation' and/or device 'xc7a100t'
INFO: [Common 17-349] Got license for feature 'Implementation' and/or device 'xc7a100t'
Running DRC as a precondition to command write_bitstream
INFO: [IP_Flow 19-1839] IP Catalog is up to date.
INFO: [DRC 23-27] Running DRC with 2 threads
WARNING: [DRC CFGBVS-1] Missing CFGBVS and CONFIG_VOLTAGE Design Properties: Neither the CFGBVS nor CONFIG_VOLTAGE voltage property is set in the current_design.  Configuration bank voltage select (CFGBVS) must be set to VCCO or GND, and CONFIG_VOLTAGE must be set to the correct configuration voltage, in order to determine the I/O voltage support for the pins in bank 0.  It is suggested to specify these either using the 'Edit Device Properties' function in the GUI or directly in the XDC file using the following syntax:

 set_property CFGBVS value1 [current_design]
 #where value1 is either VCCO or GND

 set_property CONFIG_VOLTAGE value2 [current_design]
 #where value2 is the voltage provided to configuration bank 0

Refer to the device configuration user guide for more information.
INFO: [Vivado 12-3199] DRC finished with 0 Errors, 1 Warnings
INFO: [Vivado 12-3200] Please refer to the DRC report (report_drc) for more information.
INFO: [Designutils 20-2272] Running write_bitstream with 2 threads.
Loading data files...
Loading site data...
Loading route data...
Processing options...
Creating bitmap...
Creating bitstream...
Writing bitstream ./test_env.bit...
INFO: [Vivado 12-1842] Bitgen Completed Successfully.
INFO: [Project 1-120] WebTalk data collection is mandatory when using a WebPACK part without a full Vivado license. To see the specific WebTalk data collected for your design, open the usage_statistics_webtalk.html or usage_statistics_webtalk.xml file in the implementation directory.
INFO: [Common 17-83] Releasing license: Implementation
100 Infos, 1 Warnings, 0 Critical Warnings and 0 Errors encountered.
write_bitstream completed successfully
write_bitstream: Time (s): cpu = 00:00:26 ; elapsed = 00:00:26 . Memory (MB): peak = 1987.492 ; gain = 406.445
INFO: [Common 17-206] Exiting Vivado at Mon Apr 22 22:24:16 2024...

*** Running vivado
    with args -log test_env.vdi -applog -m64 -product Vivado -messageDb vivado.pb -mode batch -source test_env.tcl -notrace


****** Vivado v2018.3 (64-bit)
  **** SW Build 2405991 on Thu Dec  6 23:38:27 MST 2018
  **** IP Build 2404404 on Fri Dec  7 01:43:56 MST 2018
    ** Copyright 1986-2018 Xilinx, Inc. All Rights Reserved.

source test_env.tcl -notrace
Command: open_checkpoint test_env_routed.dcp

Starting open_checkpoint Task

Time (s): cpu = 00:00:00 ; elapsed = 00:00:00.071 . Memory (MB): peak = 242.926 ; gain = 0.000
INFO: [Netlist 29-17] Analyzing 36 Unisim elements for replacement
INFO: [Netlist 29-28] Unisim Transformation completed in 1 CPU seconds
INFO: [Project 1-479] Netlist was created with Vivado 2018.3
INFO: [Device 21-403] Loading part xc7a100tcsg324-1
INFO: [Project 1-570] Preparing netlist for logic optimization
INFO: [Timing 38-478] Restoring timing data from binary archive.
INFO: [Timing 38-479] Binary timing data restore complete.
INFO: [Project 1-856] Restoring constraints from binary archive.
INFO: [Project 1-853] Binary constraint restore complete.
Reading XDEF placement.
Reading placer database...
Reading XDEF routing.
Read XDEF File: Time (s): cpu = 00:00:00 ; elapsed = 00:00:00.277 . Memory (MB): peak = 1235.422 ; gain = 2.566
Restored from archive | CPU: 0.000000 secs | Memory: 0.000000 MB |
Finished XDEF File Restore: Time (s): cpu = 00:00:00 ; elapsed = 00:00:00.283 . Memory (MB): peak = 1235.422 ; gain = 2.566
Netlist sorting complete. Time (s): cpu = 00:00:00 ; elapsed = 00:00:00 . Memory (MB): peak = 1235.445 ; gain = 0.000
INFO: [Project 1-111] Unisim Transformation Summary:
  A total of 12 instances were transformed.
  RAM32M => RAM32M (RAMD32, RAMD32, RAMD32, RAMD32, RAMD32, RAMD32, RAMS32, RAMS32): 12 instances

INFO: [Project 1-604] Checkpoint was created with Vivado v2018.3 (64-bit) build 2405991
open_checkpoint: Time (s): cpu = 00:00:36 ; elapsed = 00:00:42 . Memory (MB): peak = 1235.445 ; gain = 999.504
Command: write_bitstream -force test_env.bit
Attempting to get a license for feature 'Implementation' and/or device 'xc7a100t'
INFO: [Common 17-349] Got license for feature 'Implementation' and/or device 'xc7a100t'
Running DRC as a precondition to command write_bitstream
INFO: [IP_Flow 19-234] Refreshing IP repositories
INFO: [IP_Flow 19-1704] No user IP repositories specified
INFO: [IP_Flow 19-2313] Loaded Vivado IP repository 'C:/Xilinx/Vivado/2018.3/data/ip'.
INFO: [DRC 23-27] Running DRC with 2 threads
WARNING: [DRC CFGBVS-1] Missing CFGBVS and CONFIG_VOLTAGE Design Properties: Neither the CFGBVS nor CONFIG_VOLTAGE voltage property is set in the current_design.  Configuration bank voltage select (CFGBVS) must be set to VCCO or GND, and CONFIG_VOLTAGE must be set to the correct configuration voltage, in order to determine the I/O voltage support for the pins in bank 0.  It is suggested to specify these either using the 'Edit Device Properties' function in the GUI or directly in the XDC file using the following syntax:

 set_property CFGBVS value1 [current_design]
 #where value1 is either VCCO or GND

 set_property CONFIG_VOLTAGE value2 [current_design]
 #where value2 is the voltage provided to configuration bank 0

Refer to the device configuration user guide for more information.
INFO: [Vivado 12-3199] DRC finished with 0 Errors, 1 Warnings
INFO: [Vivado 12-3200] Please refer to the DRC report (report_drc) for more information.
INFO: [Designutils 20-2272] Running write_bitstream with 2 threads.
Loading data files...
Loading site data...
Loading route data...
Processing options...
Creating bitmap...
Creating bitstream...
Writing bitstream ./test_env.bit...
INFO: [Vivado 12-1842] Bitgen Completed Successfully.
INFO: [Project 1-120] WebTalk data collection is mandatory when using a WebPACK part without a full Vivado license. To see the specific WebTalk data collected for your design, open the usage_statistics_webtalk.html or usage_statistics_webtalk.xml file in the implementation directory.
INFO: [Common 17-83] Releasing license: Implementation
22 Infos, 1 Warnings, 0 Critical Warnings and 0 Errors encountered.
write_bitstream completed successfully
write_bitstream: Time (s): cpu = 00:00:43 ; elapsed = 00:00:43 . Memory (MB): peak = 1744.855 ; gain = 509.410
INFO: [Common 17-206] Exiting Vivado at Mon Apr 22 22:29:25 2024...

*** Running vivado
    with args -log test_env.vdi -applog -m64 -product Vivado -messageDb vivado.pb -mode batch -source test_env.tcl -notrace


****** Vivado v2018.3 (64-bit)
  **** SW Build 2405991 on Thu Dec  6 23:38:27 MST 2018
  **** IP Build 2404404 on Fri Dec  7 01:43:56 MST 2018
    ** Copyright 1986-2018 Xilinx, Inc. All Rights Reserved.

source test_env.tcl -notrace
Command: open_checkpoint test_env_routed.dcp

Starting open_checkpoint Task

Time (s): cpu = 00:00:00 ; elapsed = 00:00:00.063 . Memory (MB): peak = 242.883 ; gain = 0.000
INFO: [Netlist 29-17] Analyzing 36 Unisim elements for replacement
INFO: [Netlist 29-28] Unisim Transformation completed in 0 CPU seconds
INFO: [Project 1-479] Netlist was created with Vivado 2018.3
INFO: [Device 21-403] Loading part xc7a100tcsg324-1
INFO: [Project 1-570] Preparing netlist for logic optimization
INFO: [Timing 38-478] Restoring timing data from binary archive.
INFO: [Timing 38-479] Binary timing data restore complete.
INFO: [Project 1-856] Restoring constraints from binary archive.
INFO: [Project 1-853] Binary constraint restore complete.
Reading XDEF placement.
Reading placer database...
Reading XDEF routing.
Read XDEF File: Time (s): cpu = 00:00:00 ; elapsed = 00:00:00.347 . Memory (MB): peak = 1233.762 ; gain = 0.000
Restored from archive | CPU: 0.000000 secs | Memory: 0.000000 MB |
Finished XDEF File Restore: Time (s): cpu = 00:00:00 ; elapsed = 00:00:00.355 . Memory (MB): peak = 1233.762 ; gain = 0.000
Netlist sorting complete. Time (s): cpu = 00:00:00 ; elapsed = 00:00:00.001 . Memory (MB): peak = 1233.762 ; gain = 0.000
INFO: [Project 1-111] Unisim Transformation Summary:
  A total of 12 instances were transformed.
  RAM32M => RAM32M (RAMD32, RAMD32, RAMD32, RAMD32, RAMD32, RAMD32, RAMS32, RAMS32): 12 instances

INFO: [Project 1-604] Checkpoint was created with Vivado v2018.3 (64-bit) build 2405991
open_checkpoint: Time (s): cpu = 00:00:26 ; elapsed = 00:00:32 . Memory (MB): peak = 1233.762 ; gain = 999.203
Command: write_bitstream -force test_env.bit
Attempting to get a license for feature 'Implementation' and/or device 'xc7a100t'
INFO: [Common 17-349] Got license for feature 'Implementation' and/or device 'xc7a100t'
Running DRC as a precondition to command write_bitstream
INFO: [IP_Flow 19-234] Refreshing IP repositories
INFO: [IP_Flow 19-1704] No user IP repositories specified
INFO: [IP_Flow 19-2313] Loaded Vivado IP repository 'C:/Xilinx/Vivado/2018.3/data/ip'.
INFO: [DRC 23-27] Running DRC with 2 threads
WARNING: [DRC CFGBVS-1] Missing CFGBVS and CONFIG_VOLTAGE Design Properties: Neither the CFGBVS nor CONFIG_VOLTAGE voltage property is set in the current_design.  Configuration bank voltage select (CFGBVS) must be set to VCCO or GND, and CONFIG_VOLTAGE must be set to the correct configuration voltage, in order to determine the I/O voltage support for the pins in bank 0.  It is suggested to specify these either using the 'Edit Device Properties' function in the GUI or directly in the XDC file using the following syntax:

 set_property CFGBVS value1 [current_design]
 #where value1 is either VCCO or GND

 set_property CONFIG_VOLTAGE value2 [current_design]
 #where value2 is the voltage provided to configuration bank 0

Refer to the device configuration user guide for more information.
INFO: [Vivado 12-3199] DRC finished with 0 Errors, 1 Warnings
INFO: [Vivado 12-3200] Please refer to the DRC report (report_drc) for more information.
INFO: [Designutils 20-2272] Running write_bitstream with 2 threads.
Loading data files...
Loading site data...
Loading route data...
Processing options...
Creating bitmap...
Creating bitstream...
Writing bitstream ./test_env.bit...
INFO: [Vivado 12-1842] Bitgen Completed Successfully.
INFO: [Project 1-120] WebTalk data collection is mandatory when using a WebPACK part without a full Vivado license. To see the specific WebTalk data collected for your design, open the usage_statistics_webtalk.html or usage_statistics_webtalk.xml file in the implementation directory.
INFO: [Common 17-83] Releasing license: Implementation
22 Infos, 1 Warnings, 0 Critical Warnings and 0 Errors encountered.
write_bitstream completed successfully
write_bitstream: Time (s): cpu = 00:00:34 ; elapsed = 00:00:42 . Memory (MB): peak = 1739.773 ; gain = 506.012
INFO: [Common 17-206] Exiting Vivado at Mon Apr 22 22:40:52 2024...

*** Running vivado
    with args -log test_env.vdi -applog -m64 -product Vivado -messageDb vivado.pb -mode batch -source test_env.tcl -notrace


****** Vivado v2018.3 (64-bit)
  **** SW Build 2405991 on Thu Dec  6 23:38:27 MST 2018
  **** IP Build 2404404 on Fri Dec  7 01:43:56 MST 2018
    ** Copyright 1986-2018 Xilinx, Inc. All Rights Reserved.

source test_env.tcl -notrace
Command: open_checkpoint test_env_routed.dcp

Starting open_checkpoint Task

Time (s): cpu = 00:00:00 ; elapsed = 00:00:00.053 . Memory (MB): peak = 249.949 ; gain = 0.000
INFO: [Netlist 29-17] Analyzing 36 Unisim elements for replacement
INFO: [Netlist 29-28] Unisim Transformation completed in 1 CPU seconds
INFO: [Project 1-479] Netlist was created with Vivado 2018.3
INFO: [Device 21-403] Loading part xc7a100tcsg324-1
INFO: [Project 1-570] Preparing netlist for logic optimization
INFO: [Timing 38-478] Restoring timing data from binary archive.
INFO: [Timing 38-479] Binary timing data restore complete.
INFO: [Project 1-856] Restoring constraints from binary archive.
INFO: [Project 1-853] Binary constraint restore complete.
Reading XDEF placement.
Reading placer database...
Reading XDEF routing.
Read XDEF File: Time (s): cpu = 00:00:00 ; elapsed = 00:00:00.237 . Memory (MB): peak = 1233.141 ; gain = 2.648
Restored from archive | CPU: 0.000000 secs | Memory: 0.000000 MB |
Finished XDEF File Restore: Time (s): cpu = 00:00:00 ; elapsed = 00:00:00.245 . Memory (MB): peak = 1233.141 ; gain = 2.648
Netlist sorting complete. Time (s): cpu = 00:00:00 ; elapsed = 00:00:00 . Memory (MB): peak = 1233.160 ; gain = 0.000
INFO: [Project 1-111] Unisim Transformation Summary:
  A total of 12 instances were transformed.
  RAM32M => RAM32M (RAMD32, RAMD32, RAMD32, RAMD32, RAMD32, RAMD32, RAMS32, RAMS32): 12 instances

INFO: [Project 1-604] Checkpoint was created with Vivado v2018.3 (64-bit) build 2405991
open_checkpoint: Time (s): cpu = 00:00:26 ; elapsed = 00:00:30 . Memory (MB): peak = 1233.160 ; gain = 983.211
Command: write_bitstream -force test_env.bit
Attempting to get a license for feature 'Implementation' and/or device 'xc7a100t'
INFO: [Common 17-349] Got license for feature 'Implementation' and/or device 'xc7a100t'
Running DRC as a precondition to command write_bitstream
INFO: [IP_Flow 19-234] Refreshing IP repositories
INFO: [IP_Flow 19-1704] No user IP repositories specified
INFO: [IP_Flow 19-2313] Loaded Vivado IP repository 'C:/Xilinx/Vivado/2018.3/data/ip'.
INFO: [DRC 23-27] Running DRC with 2 threads
WARNING: [DRC CFGBVS-1] Missing CFGBVS and CONFIG_VOLTAGE Design Properties: Neither the CFGBVS nor CONFIG_VOLTAGE voltage property is set in the current_design.  Configuration bank voltage select (CFGBVS) must be set to VCCO or GND, and CONFIG_VOLTAGE must be set to the correct configuration voltage, in order to determine the I/O voltage support for the pins in bank 0.  It is suggested to specify these either using the 'Edit Device Properties' function in the GUI or directly in the XDC file using the following syntax:

 set_property CFGBVS value1 [current_design]
 #where value1 is either VCCO or GND

 set_property CONFIG_VOLTAGE value2 [current_design]
 #where value2 is the voltage provided to configuration bank 0

Refer to the device configuration user guide for more information.
INFO: [Vivado 12-3199] DRC finished with 0 Errors, 1 Warnings
INFO: [Vivado 12-3200] Please refer to the DRC report (report_drc) for more information.
INFO: [Designutils 20-2272] Running write_bitstream with 2 threads.
Loading data files...
Loading site data...
Loading route data...
Processing options...
Creating bitmap...
Creating bitstream...
Writing bitstream ./test_env.bit...
INFO: [Vivado 12-1842] Bitgen Completed Successfully.
INFO: [Project 1-120] WebTalk data collection is mandatory when using a WebPACK part without a full Vivado license. To see the specific WebTalk data collected for your design, open the usage_statistics_webtalk.html or usage_statistics_webtalk.xml file in the implementation directory.
INFO: [Common 17-83] Releasing license: Implementation
22 Infos, 1 Warnings, 0 Critical Warnings and 0 Errors encountered.
write_bitstream completed successfully
write_bitstream: Time (s): cpu = 00:00:29 ; elapsed = 00:00:31 . Memory (MB): peak = 1742.203 ; gain = 509.043
INFO: [Common 17-206] Exiting Vivado at Mon Apr 22 22:46:06 2024...
