#-----------------------------------------------------------
# Vivado v2018.3 (64-bit)
# SW Build 2405991 on Thu Dec  6 23:38:27 MST 2018
# IP Build 2404404 on Fri Dec  7 01:43:56 MST 2018
# Start of session at: Fri May 26 23:40:08 2023
# Process ID: 18520
# Current directory: C:/Users/Petrenciuc Amelia/OneDrive/Desktop/PSN/PROIECT PSN/masina_spalat_vase
# Command line: vivado.exe -gui_launcher_event rodinguilauncherevent44360 C:\Users\Petrenciuc Amelia\OneDrive\Desktop\PSN\PROIECT PSN\masina_spalat_vase\masina_spalat_vase.xpr
# Log file: C:/Users/Petrenciuc Amelia/OneDrive/Desktop/PSN/PROIECT PSN/masina_spalat_vase/vivado.log
# Journal file: C:/Users/Petrenciuc Amelia/OneDrive/Desktop/PSN/PROIECT PSN/masina_spalat_vase\vivado.jou
#-----------------------------------------------------------
start_gui
open_project {C:/Users/Petrenciuc Amelia/OneDrive/Desktop/PSN/PROIECT PSN/masina_spalat_vase/masina_spalat_vase.xpr}
INFO: [Project 1-313] Project file moved from 'D:/DSD/COLOCVIU_PB/masina_spalat_vase' since last save.
CRITICAL WARNING: [Project 1-311] Could not find the file 'C:/Users/Petrenciuc Amelia/OneDrive/Desktop/PSN/DEBOUNCER/DEBOUNCER.srcs/sources_1/new/debouncer.vhd', nor could it be found using path 'D:/DSD/DEBOUNCER/DEBOUNCER.srcs/sources_1/new/debouncer.vhd'.
CRITICAL WARNING: [Project 1-311] Could not find the file 'C:/Users/Petrenciuc Amelia/OneDrive/Desktop/PSN/DEBOUNCER/DEBOUNCER.srcs/sources_1/new/counter_4_bits.vhd', nor could it be found using path 'D:/DSD/DEBOUNCER/DEBOUNCER.srcs/sources_1/new/counter_4_bits.vhd'.
Scanning sources...
Finished scanning sources
CRITICAL WARNING: [Board 49-67] The board_part definition was not found for digilentinc.com:basys3:part0:1.2. This can happen sometimes when you use custom board part. You can resolve this issue by setting 'board.repoPaths' parameter, pointing to the location of custom board files. Valid board_part values can be retrieved with the 'get_board_parts' Tcl command.
INFO: [IP_Flow 19-234] Refreshing IP repositories
INFO: [IP_Flow 19-1704] No user IP repositories specified
INFO: [IP_Flow 19-2313] Loaded Vivado IP repository 'C:/Xilinx/Vivado/2018.3/data/ip'.
open_project: Time (s): cpu = 00:00:13 ; elapsed = 00:00:11 . Memory (MB): peak = 832.402 ; gain = 138.668
update_compile_order -fileset sources_1
add_files -norecurse {{C:/Users/Petrenciuc Amelia/OneDrive/Desktop/counter_4_bits.vhd} {C:/Users/Petrenciuc Amelia/OneDrive/Desktop/debouncer.vhd}}
update_compile_order -fileset sources_1
exit
INFO: [Common 17-206] Exiting Vivado at Sat May 27 00:23:01 2023...
