c:\users\daiana\desktop\proiect_pg_visualstudio\proiect_pg_visualstudio\x64\debug\vc143.pdb
c:\users\daiana\desktop\proiect_pg_visualstudio\proiect_pg_visualstudio\x64\debug\vc143.idb
c:\users\daiana\desktop\proiect_pg_visualstudio\proiect_pg_visualstudio\x64\debug\window.obj
c:\users\daiana\desktop\proiect_pg_visualstudio\proiect_pg_visualstudio\x64\debug\shader.obj
c:\users\daiana\desktop\proiect_pg_visualstudio\proiect_pg_visualstudio\x64\debug\mesh.obj
c:\users\daiana\desktop\proiect_pg_visualstudio\proiect_pg_visualstudio\x64\debug\tiny_obj_loader.obj
c:\users\daiana\desktop\proiect_pg_visualstudio\proiect_pg_visualstudio\x64\debug\stb_image.obj
c:\users\daiana\desktop\proiect_pg_visualstudio\proiect_pg_visualstudio\x64\debug\model3d.obj
c:\users\daiana\desktop\proiect_pg_visualstudio\proiect_pg_visualstudio\x64\debug\main.obj
c:\users\daiana\desktop\proiect_pg_visualstudio\proiect_pg_visualstudio\x64\debug\camera.obj
c:\users\daiana\desktop\proiect_pg_visualstudio\x64\debug\proiect_pg_visualstudio.exe
c:\users\daiana\desktop\proiect_pg_visualstudio\x64\debug\proiect_pg_visualstudio.pdb
c:\users\daiana\desktop\proiect_pg_visualstudio\proiect_pg_visualstudio\x64\debug\proiect_pg_visualstudio.ilk
c:\users\daiana\desktop\proiect_pg_visualstudio\proiect_pg_visualstudio\x64\debug\skybox.obj
c:\users\daiana\desktop\proiect_pg_visualstudio\proiect_pg_visualstudio\x64\debug\proiect_.6be88c30.tlog\cl.command.1.tlog
c:\users\daiana\desktop\proiect_pg_visualstudio\proiect_pg_visualstudio\x64\debug\proiect_.6be88c30.tlog\cl.items.tlog
c:\users\daiana\desktop\proiect_pg_visualstudio\proiect_pg_visualstudio\x64\debug\proiect_.6be88c30.tlog\cl.read.1.tlog
c:\users\daiana\desktop\proiect_pg_visualstudio\proiect_pg_visualstudio\x64\debug\proiect_.6be88c30.tlog\cl.write.1.tlog
c:\users\daiana\desktop\proiect_pg_visualstudio\proiect_pg_visualstudio\x64\debug\proiect_.6be88c30.tlog\link.command.1.tlog
c:\users\daiana\desktop\proiect_pg_visualstudio\proiect_pg_visualstudio\x64\debug\proiect_.6be88c30.tlog\link.read.1.tlog
c:\users\daiana\desktop\proiect_pg_visualstudio\proiect_pg_visualstudio\x64\debug\proiect_.6be88c30.tlog\link.secondary.1.tlog
c:\users\daiana\desktop\proiect_pg_visualstudio\proiect_pg_visualstudio\x64\debug\proiect_.6be88c30.tlog\link.write.1.tlog
