
*** Running vivado
    with args -log SETARE_PROGRAM.vds -m64 -product Vivado -mode batch -messageDb vivado.pb -notrace -source SETARE_PROGRAM.tcl


****** Vivado v2018.3 (64-bit)
  **** SW Build 2405991 on Thu Dec  6 23:38:27 MST 2018
  **** IP Build 2404404 on Fri Dec  7 01:43:56 MST 2018
    ** Copyright 1986-2018 Xilinx, Inc. All Rights Reserved.

source SETARE_PROGRAM.tcl -notrace
Command: synth_design -top SETARE_PROGRAM -part xc7a35tcpg236-1
Starting synth_design
Attempting to get a license for feature 'Synthesis' and/or device 'xc7a35t'
INFO: [Common 17-349] Got license for feature 'Synthesis' and/or device 'xc7a35t'
INFO: Launching helper process for spawning children vivado processes
INFO: Helper process launched with PID 16884 
---------------------------------------------------------------------------------
Starting RTL Elaboration : Time (s): cpu = 00:00:02 ; elapsed = 00:00:04 . Memory (MB): peak = 455.551 ; gain = 95.488
---------------------------------------------------------------------------------
INFO: [Synth 8-638] synthesizing module 'SETARE_PROGRAM' [D:/DSD/COLOCVIU_PB/masina_spalat_vase/masina_spalat_vase.srcs/sources_1/new/SETARE_PROGRAM.vhd:51]
INFO: [Synth 8-638] synthesizing module 'debouncer' [D:/DSD/DEBOUNCER/DEBOUNCER.srcs/sources_1/new/debouncer.vhd:41]
WARNING: [Synth 8-614] signal 'BTN' is read in the process but is not in the sensitivity list [D:/DSD/DEBOUNCER/DEBOUNCER.srcs/sources_1/new/debouncer.vhd:61]
WARNING: [Synth 8-614] signal 'q0' is read in the process but is not in the sensitivity list [D:/DSD/DEBOUNCER/DEBOUNCER.srcs/sources_1/new/debouncer.vhd:68]
INFO: [Synth 8-256] done synthesizing module 'debouncer' (1#1) [D:/DSD/DEBOUNCER/DEBOUNCER.srcs/sources_1/new/debouncer.vhd:41]
INFO: [Synth 8-638] synthesizing module 'counter_3_bits' [D:/DSD/DEBOUNCER/DEBOUNCER.srcs/sources_1/new/counter_4_bits.vhd:40]
INFO: [Synth 8-256] done synthesizing module 'counter_3_bits' (2#1) [D:/DSD/DEBOUNCER/DEBOUNCER.srcs/sources_1/new/counter_4_bits.vhd:40]
INFO: [Synth 8-638] synthesizing module 'MEMORIE_PROGRAME' [D:/DSD/COLOCVIU_PB/masina_spalat_vase/masina_spalat_vase.srcs/sources_1/new/MEMORIE_PROGRAME.vhd:42]
INFO: [Synth 8-256] done synthesizing module 'MEMORIE_PROGRAME' (3#1) [D:/DSD/COLOCVIU_PB/masina_spalat_vase/masina_spalat_vase.srcs/sources_1/new/MEMORIE_PROGRAME.vhd:42]
WARNING: [Synth 8-614] signal 'RESET' is read in the process but is not in the sensitivity list [D:/DSD/COLOCVIU_PB/masina_spalat_vase/masina_spalat_vase.srcs/sources_1/new/SETARE_PROGRAM.vhd:64]
WARNING: [Synth 8-614] signal 'RESET' is read in the process but is not in the sensitivity list [D:/DSD/COLOCVIU_PB/masina_spalat_vase/masina_spalat_vase.srcs/sources_1/new/SETARE_PROGRAM.vhd:75]
WARNING: [Synth 8-614] signal 'enable_start' is read in the process but is not in the sensitivity list [D:/DSD/COLOCVIU_PB/masina_spalat_vase/masina_spalat_vase.srcs/sources_1/new/SETARE_PROGRAM.vhd:75]
WARNING: [Synth 8-614] signal 'SETARE_FUNC' is read in the process but is not in the sensitivity list [D:/DSD/COLOCVIU_PB/masina_spalat_vase/masina_spalat_vase.srcs/sources_1/new/SETARE_PROGRAM.vhd:75]
WARNING: [Synth 8-614] signal 'TEMPERATURA' is read in the process but is not in the sensitivity list [D:/DSD/COLOCVIU_PB/masina_spalat_vase/masina_spalat_vase.srcs/sources_1/new/SETARE_PROGRAM.vhd:75]
WARNING: [Synth 8-614] signal 'TIMP' is read in the process but is not in the sensitivity list [D:/DSD/COLOCVIU_PB/masina_spalat_vase/masina_spalat_vase.srcs/sources_1/new/SETARE_PROGRAM.vhd:75]
WARNING: [Synth 8-614] signal 'prog_int' is read in the process but is not in the sensitivity list [D:/DSD/COLOCVIU_PB/masina_spalat_vase/masina_spalat_vase.srcs/sources_1/new/SETARE_PROGRAM.vhd:75]
WARNING: [Synth 8-614] signal 'program_automat' is read in the process but is not in the sensitivity list [D:/DSD/COLOCVIU_PB/masina_spalat_vase/masina_spalat_vase.srcs/sources_1/new/SETARE_PROGRAM.vhd:75]
INFO: [Synth 8-638] synthesizing module 'COUNTER_DOWN_TIMP' [D:/DSD/COLOCVIU_PB/masina_spalat_vase/masina_spalat_vase.srcs/sources_1/new/COUNT_DOWN_TIMP.vhd:45]
WARNING: [Synth 8-614] signal 'DOOR' is read in the process but is not in the sensitivity list [D:/DSD/COLOCVIU_PB/masina_spalat_vase/masina_spalat_vase.srcs/sources_1/new/COUNT_DOWN_TIMP.vhd:53]
WARNING: [Synth 8-614] signal 'RESET' is read in the process but is not in the sensitivity list [D:/DSD/COLOCVIU_PB/masina_spalat_vase/masina_spalat_vase.srcs/sources_1/new/COUNT_DOWN_TIMP.vhd:67]
WARNING: [Synth 8-614] signal 'D0_MIN' is read in the process but is not in the sensitivity list [D:/DSD/COLOCVIU_PB/masina_spalat_vase/masina_spalat_vase.srcs/sources_1/new/COUNT_DOWN_TIMP.vhd:67]
WARNING: [Synth 8-614] signal 'D1_MIN' is read in the process but is not in the sensitivity list [D:/DSD/COLOCVIU_PB/masina_spalat_vase/masina_spalat_vase.srcs/sources_1/new/COUNT_DOWN_TIMP.vhd:67]
WARNING: [Synth 8-614] signal 'HOUR' is read in the process but is not in the sensitivity list [D:/DSD/COLOCVIU_PB/masina_spalat_vase/masina_spalat_vase.srcs/sources_1/new/COUNT_DOWN_TIMP.vhd:67]
WARNING: [Synth 8-614] signal 'done_sig' is read in the process but is not in the sensitivity list [D:/DSD/COLOCVIU_PB/masina_spalat_vase/masina_spalat_vase.srcs/sources_1/new/COUNT_DOWN_TIMP.vhd:67]
INFO: [Synth 8-256] done synthesizing module 'COUNTER_DOWN_TIMP' (4#1) [D:/DSD/COLOCVIU_PB/masina_spalat_vase/masina_spalat_vase.srcs/sources_1/new/COUNT_DOWN_TIMP.vhd:45]
INFO: [Synth 8-638] synthesizing module 'SSD' [D:/DSD/COLOCVIU_PB/masina_spalat_vase/masina_spalat_vase.srcs/sources_1/new/AFIS_TIMP.vhd:45]
INFO: [Synth 8-256] done synthesizing module 'SSD' (5#1) [D:/DSD/COLOCVIU_PB/masina_spalat_vase/masina_spalat_vase.srcs/sources_1/new/AFIS_TIMP.vhd:45]
INFO: [Synth 8-638] synthesizing module 'executare_program' [D:/DSD/COLOCVIU_PB/masina_spalat_vase/masina_spalat_vase.srcs/sources_1/new/executare_program.vhd:45]
WARNING: [Synth 8-614] signal 'terminare_prog' is read in the process but is not in the sensitivity list [D:/DSD/COLOCVIU_PB/masina_spalat_vase/masina_spalat_vase.srcs/sources_1/new/executare_program.vhd:69]
INFO: [Synth 8-638] synthesizing module 'COUNTER_HM' [D:/DSD/COLOCVIU_PB/masina_spalat_vase/masina_spalat_vase.srcs/sources_1/new/COUNTER_HM.vhd:46]
WARNING: [Synth 8-614] signal 'DOOR' is read in the process but is not in the sensitivity list [D:/DSD/COLOCVIU_PB/masina_spalat_vase/masina_spalat_vase.srcs/sources_1/new/COUNTER_HM.vhd:54]
WARNING: [Synth 8-614] signal 'RESET' is read in the process but is not in the sensitivity list [D:/DSD/COLOCVIU_PB/masina_spalat_vase/masina_spalat_vase.srcs/sources_1/new/COUNTER_HM.vhd:68]
WARNING: [Synth 8-614] signal 'D0_MIN' is read in the process but is not in the sensitivity list [D:/DSD/COLOCVIU_PB/masina_spalat_vase/masina_spalat_vase.srcs/sources_1/new/COUNTER_HM.vhd:68]
WARNING: [Synth 8-614] signal 'D1_MIN' is read in the process but is not in the sensitivity list [D:/DSD/COLOCVIU_PB/masina_spalat_vase/masina_spalat_vase.srcs/sources_1/new/COUNTER_HM.vhd:68]
WARNING: [Synth 8-614] signal 'HOUR' is read in the process but is not in the sensitivity list [D:/DSD/COLOCVIU_PB/masina_spalat_vase/masina_spalat_vase.srcs/sources_1/new/COUNTER_HM.vhd:68]
WARNING: [Synth 8-614] signal 'ENABLE' is read in the process but is not in the sensitivity list [D:/DSD/COLOCVIU_PB/masina_spalat_vase/masina_spalat_vase.srcs/sources_1/new/COUNTER_HM.vhd:68]
WARNING: [Synth 8-614] signal 'done_sig' is read in the process but is not in the sensitivity list [D:/DSD/COLOCVIU_PB/masina_spalat_vase/masina_spalat_vase.srcs/sources_1/new/COUNTER_HM.vhd:68]
INFO: [Synth 8-256] done synthesizing module 'COUNTER_HM' (6#1) [D:/DSD/COLOCVIU_PB/masina_spalat_vase/masina_spalat_vase.srcs/sources_1/new/COUNTER_HM.vhd:46]
WARNING: [Synth 8-614] signal 'stare_act' is read in the process but is not in the sensitivity list [D:/DSD/COLOCVIU_PB/masina_spalat_vase/masina_spalat_vase.srcs/sources_1/new/executare_program.vhd:175]
WARNING: [Synth 8-614] signal 'SETARE_FUNC' is read in the process but is not in the sensitivity list [D:/DSD/COLOCVIU_PB/masina_spalat_vase/masina_spalat_vase.srcs/sources_1/new/executare_program.vhd:175]
WARNING: [Synth 8-614] signal 'TIMP_INCALZIRE' is read in the process but is not in the sensitivity list [D:/DSD/COLOCVIU_PB/masina_spalat_vase/masina_spalat_vase.srcs/sources_1/new/executare_program.vhd:175]
WARNING: [Synth 8-614] signal 'TIMP_EVACUARE' is read in the process but is not in the sensitivity list [D:/DSD/COLOCVIU_PB/masina_spalat_vase/masina_spalat_vase.srcs/sources_1/new/executare_program.vhd:175]
INFO: [Synth 8-256] done synthesizing module 'executare_program' (7#1) [D:/DSD/COLOCVIU_PB/masina_spalat_vase/masina_spalat_vase.srcs/sources_1/new/executare_program.vhd:45]
INFO: [Synth 8-256] done synthesizing module 'SETARE_PROGRAM' (8#1) [D:/DSD/COLOCVIU_PB/masina_spalat_vase/masina_spalat_vase.srcs/sources_1/new/SETARE_PROGRAM.vhd:51]
WARNING: [Synth 8-3331] design MEMORIE_PROGRAME has unconnected port CLK
WARNING: [Synth 8-3331] design counter_3_bits has unconnected port en
---------------------------------------------------------------------------------
Finished RTL Elaboration : Time (s): cpu = 00:00:03 ; elapsed = 00:00:06 . Memory (MB): peak = 511.832 ; gain = 151.770
---------------------------------------------------------------------------------

Report Check Netlist: 
+------+------------------+-------+---------+-------+------------------+
|      |Item              |Errors |Warnings |Status |Description       |
+------+------------------+-------+---------+-------+------------------+
|1     |multi_driven_nets |      0|        0|Passed |Multi driven nets |
+------+------------------+-------+---------+-------+------------------+
---------------------------------------------------------------------------------
Start Handling Custom Attributes
---------------------------------------------------------------------------------
---------------------------------------------------------------------------------
Finished Handling Custom Attributes : Time (s): cpu = 00:00:03 ; elapsed = 00:00:06 . Memory (MB): peak = 511.832 ; gain = 151.770
---------------------------------------------------------------------------------
---------------------------------------------------------------------------------
Finished RTL Optimization Phase 1 : Time (s): cpu = 00:00:03 ; elapsed = 00:00:06 . Memory (MB): peak = 511.832 ; gain = 151.770
---------------------------------------------------------------------------------
INFO: [Device 21-403] Loading part xc7a35tcpg236-1
INFO: [Project 1-570] Preparing netlist for logic optimization

Processing XDC Constraints
Initializing timing engine
Parsing XDC File [D:/DSD/COLOCVIU_PB/masina_spalat_vase/masina_spalat_vase.srcs/constrs_1/new/BASYS.xdc]
Finished Parsing XDC File [D:/DSD/COLOCVIU_PB/masina_spalat_vase/masina_spalat_vase.srcs/constrs_1/new/BASYS.xdc]
INFO: [Project 1-236] Implementation specific constraints were found while reading constraint file [D:/DSD/COLOCVIU_PB/masina_spalat_vase/masina_spalat_vase.srcs/constrs_1/new/BASYS.xdc]. These constraints will be ignored for synthesis but will be used in implementation. Impacted constraints are listed in the file [.Xil/SETARE_PROGRAM_propImpl.xdc].
Resolution: To avoid this warning, move constraints listed in [.Xil/SETARE_PROGRAM_propImpl.xdc] to another XDC file and exclude this new file from synthesis with the used_in_synthesis property (File Properties dialog in GUI) and re-run elaboration/synthesis.
Netlist sorting complete. Time (s): cpu = 00:00:00 ; elapsed = 00:00:00.001 . Memory (MB): peak = 847.195 ; gain = 0.000
Completed Processing XDC Constraints

Netlist sorting complete. Time (s): cpu = 00:00:00 ; elapsed = 00:00:00.001 . Memory (MB): peak = 847.211 ; gain = 0.000
INFO: [Project 1-111] Unisim Transformation Summary:
No Unisim elements were transformed.

Netlist sorting complete. Time (s): cpu = 00:00:00 ; elapsed = 00:00:00 . Memory (MB): peak = 847.211 ; gain = 0.000
Constraint Validation Runtime : Time (s): cpu = 00:00:00 ; elapsed = 00:00:00.006 . Memory (MB): peak = 847.211 ; gain = 0.000
---------------------------------------------------------------------------------
Finished Constraint Validation : Time (s): cpu = 00:00:10 ; elapsed = 00:00:20 . Memory (MB): peak = 847.211 ; gain = 487.148
---------------------------------------------------------------------------------
---------------------------------------------------------------------------------
Start Loading Part and Timing Information
---------------------------------------------------------------------------------
Loading part: xc7a35tcpg236-1
---------------------------------------------------------------------------------
Finished Loading Part and Timing Information : Time (s): cpu = 00:00:10 ; elapsed = 00:00:20 . Memory (MB): peak = 847.211 ; gain = 487.148
---------------------------------------------------------------------------------
---------------------------------------------------------------------------------
Start Applying 'set_property' XDC Constraints
---------------------------------------------------------------------------------
---------------------------------------------------------------------------------
Finished applying 'set_property' XDC Constraints : Time (s): cpu = 00:00:10 ; elapsed = 00:00:20 . Memory (MB): peak = 847.211 ; gain = 487.148
---------------------------------------------------------------------------------
INFO: [Synth 8-5544] ROM "programe_automate" won't be mapped to Block RAM because address size (3) smaller than threshold (5)
INFO: [Synth 8-5545] ROM "divclock" won't be mapped to RAM because address size (32) is larger than maximum supported(25)
INFO: [Synth 8-5545] ROM "count" won't be mapped to RAM because address size (32) is larger than maximum supported(25)
INFO: [Synth 8-4471] merging register 'done_sig_reg' into 'DONE_reg' [D:/DSD/COLOCVIU_PB/masina_spalat_vase/masina_spalat_vase.srcs/sources_1/new/COUNTER_HM.vhd:71]
INFO: [Synth 8-5545] ROM "divclock" won't be mapped to RAM because address size (32) is larger than maximum supported(25)
INFO: [Synth 8-5545] ROM "count" won't be mapped to RAM because address size (32) is larger than maximum supported(25)
INFO: [Synth 8-4471] merging register 'terminare_prog_reg' into 'TERMINARE_PROGRAM_reg' [D:/DSD/COLOCVIU_PB/masina_spalat_vase/masina_spalat_vase.srcs/sources_1/new/executare_program.vhd:74]
INFO: [Synth 8-802] inferred FSM for state register 'stare_act_reg' in module 'executare_program'
INFO: [Synth 8-5545] ROM "DIVCLOCK" won't be mapped to RAM because address size (32) is larger than maximum supported(25)
INFO: [Synth 8-5545] ROM "count" won't be mapped to RAM because address size (32) is larger than maximum supported(25)
INFO: [Synth 8-5544] ROM "program_stare" won't be mapped to Block RAM because address size (4) smaller than threshold (5)
INFO: [Synth 8-5544] ROM "timp" won't be mapped to Block RAM because address size (4) smaller than threshold (5)
INFO: [Synth 8-5544] ROM "stare_act" won't be mapped to Block RAM because address size (1) smaller than threshold (5)
INFO: [Synth 8-5544] ROM "stare_act" won't be mapped to Block RAM because address size (1) smaller than threshold (5)
INFO: [Synth 8-5544] ROM "stare_act" won't be mapped to Block RAM because address size (1) smaller than threshold (5)
INFO: [Synth 8-5544] ROM "stare_act" won't be mapped to Block RAM because address size (1) smaller than threshold (5)
INFO: [Synth 8-5544] ROM "stare_act" won't be mapped to Block RAM because address size (1) smaller than threshold (5)
INFO: [Synth 8-5544] ROM "stare_act" won't be mapped to Block RAM because address size (1) smaller than threshold (5)
INFO: [Synth 8-5544] ROM "stare_act" won't be mapped to Block RAM because address size (1) smaller than threshold (5)
INFO: [Synth 8-5544] ROM "stare_act" won't be mapped to Block RAM because address size (1) smaller than threshold (5)
INFO: [Synth 8-5545] ROM "TIMP" won't be mapped to RAM because address size (32) is larger than maximum supported(25)
WARNING: [Synth 8-327] inferring latch for variable 'q0_reg' [D:/DSD/DEBOUNCER/DEBOUNCER.srcs/sources_1/new/debouncer.vhd:64]
---------------------------------------------------------------------------------------------------
                   State |                     New Encoding |                Previous Encoding 
---------------------------------------------------------------------------------------------------
                    idle |                        000000001 |                             0000
           inmuiere_vase |                        000000010 |                             0001
      spalare_principala |                        000000100 |                             0010
           eliberare_det |                        000001000 |                             0011
              recirc_apa |                        000010000 |                             0100
                evac_apa |                        000100000 |                             0101
             clatire_apa |                        001000000 |                             0110
    clatire_suplimentara |                        010000000 |                             0111
             uscare_vase |                        100000000 |                             1000
---------------------------------------------------------------------------------------------------
INFO: [Synth 8-3354] encoded FSM with state register 'stare_act_reg' using encoding 'one-hot' in module 'executare_program'
WARNING: [Synth 8-327] inferring latch for variable 'timp_reg' [D:/DSD/COLOCVIU_PB/masina_spalat_vase/masina_spalat_vase.srcs/sources_1/new/executare_program.vhd:164]
WARNING: [Synth 8-327] inferring latch for variable 'enable_start_reg' [D:/DSD/COLOCVIU_PB/masina_spalat_vase/masina_spalat_vase.srcs/sources_1/new/SETARE_PROGRAM.vhd:67]
WARNING: [Synth 8-327] inferring latch for variable 'functii_reg' [D:/DSD/COLOCVIU_PB/masina_spalat_vase/masina_spalat_vase.srcs/sources_1/new/SETARE_PROGRAM.vhd:100]
WARNING: [Synth 8-327] inferring latch for variable 'timp_incalzire_reg' [D:/DSD/COLOCVIU_PB/masina_spalat_vase/masina_spalat_vase.srcs/sources_1/new/SETARE_PROGRAM.vhd:79]
WARNING: [Synth 8-327] inferring latch for variable 'timp_evacuare_reg' [D:/DSD/COLOCVIU_PB/masina_spalat_vase/masina_spalat_vase.srcs/sources_1/new/SETARE_PROGRAM.vhd:80]
WARNING: [Synth 8-327] inferring latch for variable 'TIMP_reg' [D:/DSD/COLOCVIU_PB/masina_spalat_vase/masina_spalat_vase.srcs/sources_1/new/SETARE_PROGRAM.vhd:78]
---------------------------------------------------------------------------------
Finished RTL Optimization Phase 2 : Time (s): cpu = 00:00:10 ; elapsed = 00:00:22 . Memory (MB): peak = 847.211 ; gain = 487.148
---------------------------------------------------------------------------------

Report RTL Partitions: 
+-+--------------+------------+----------+
| |RTL Partition |Replication |Instances |
+-+--------------+------------+----------+
+-+--------------+------------+----------+
---------------------------------------------------------------------------------
Start RTL Component Statistics 
---------------------------------------------------------------------------------
Detailed RTL Component Info : 
+---Adders : 
	   2 Input     32 Bit       Adders := 10    
	   2 Input      8 Bit       Adders := 1     
	   2 Input      4 Bit       Adders := 19    
	   2 Input      3 Bit       Adders := 1     
	   2 Input      2 Bit       Adders := 9     
+---Registers : 
	               32 Bit    Registers := 10    
	                8 Bit    Registers := 2     
	                4 Bit    Registers := 18    
	                3 Bit    Registers := 1     
	                2 Bit    Registers := 9     
	                1 Bit    Registers := 20    
+---Muxes : 
	   2 Input     32 Bit        Muxes := 10    
	   9 Input     14 Bit        Muxes := 1     
	   2 Input     14 Bit        Muxes := 1     
	   2 Input     12 Bit        Muxes := 3     
	   3 Input     12 Bit        Muxes := 1     
	   9 Input     10 Bit        Muxes := 1     
	   2 Input     10 Bit        Muxes := 2     
	   6 Input     10 Bit        Muxes := 1     
	   9 Input      9 Bit        Muxes := 1     
	   2 Input      9 Bit        Muxes := 10    
	   2 Input      8 Bit        Muxes := 1     
	   9 Input      8 Bit        Muxes := 1     
	   2 Input      7 Bit        Muxes := 1     
	   2 Input      5 Bit        Muxes := 1     
	   2 Input      4 Bit        Muxes := 72    
	   4 Input      4 Bit        Muxes := 2     
	   2 Input      2 Bit        Muxes := 21    
	   3 Input      2 Bit        Muxes := 1     
	   2 Input      1 Bit        Muxes := 19    
	   9 Input      1 Bit        Muxes := 3     
---------------------------------------------------------------------------------
Finished RTL Component Statistics 
---------------------------------------------------------------------------------
---------------------------------------------------------------------------------
Start RTL Hierarchical Component Statistics 
---------------------------------------------------------------------------------
Hierarchical RTL Component report 
Module SETARE_PROGRAM 
Detailed RTL Component Info : 
+---Adders : 
	   2 Input      4 Bit       Adders := 1     
+---Muxes : 
	   2 Input     12 Bit        Muxes := 3     
	   3 Input     12 Bit        Muxes := 1     
	   2 Input     10 Bit        Muxes := 2     
	   6 Input     10 Bit        Muxes := 1     
	   2 Input      7 Bit        Muxes := 1     
	   2 Input      2 Bit        Muxes := 3     
	   3 Input      2 Bit        Muxes := 1     
Module debouncer 
Detailed RTL Component Info : 
+---Adders : 
	   2 Input      8 Bit       Adders := 1     
+---Registers : 
	                8 Bit    Registers := 1     
Module counter_3_bits 
Detailed RTL Component Info : 
+---Adders : 
	   2 Input      3 Bit       Adders := 1     
+---Registers : 
	                3 Bit    Registers := 1     
Module MEMORIE_PROGRAME 
Detailed RTL Component Info : 
+---Muxes : 
	   9 Input     14 Bit        Muxes := 1     
	   2 Input     14 Bit        Muxes := 1     
Module COUNTER_DOWN_TIMP 
Detailed RTL Component Info : 
+---Adders : 
	   2 Input     32 Bit       Adders := 1     
	   2 Input      4 Bit       Adders := 2     
	   2 Input      2 Bit       Adders := 1     
+---Registers : 
	               32 Bit    Registers := 1     
	                4 Bit    Registers := 2     
	                2 Bit    Registers := 1     
	                1 Bit    Registers := 2     
+---Muxes : 
	   2 Input     32 Bit        Muxes := 1     
	   2 Input      4 Bit        Muxes := 8     
	   2 Input      2 Bit        Muxes := 2     
	   2 Input      1 Bit        Muxes := 2     
Module SSD 
Detailed RTL Component Info : 
+---Muxes : 
	   4 Input      4 Bit        Muxes := 2     
Module COUNTER_HM 
Detailed RTL Component Info : 
+---Adders : 
	   2 Input     32 Bit       Adders := 1     
	   2 Input      4 Bit       Adders := 2     
	   2 Input      2 Bit       Adders := 1     
+---Registers : 
	               32 Bit    Registers := 1     
	                4 Bit    Registers := 2     
	                2 Bit    Registers := 1     
	                1 Bit    Registers := 2     
+---Muxes : 
	   2 Input     32 Bit        Muxes := 1     
	   2 Input      4 Bit        Muxes := 8     
	   2 Input      2 Bit        Muxes := 2     
	   2 Input      1 Bit        Muxes := 2     
Module executare_program 
Detailed RTL Component Info : 
+---Adders : 
	   2 Input     32 Bit       Adders := 1     
+---Registers : 
	               32 Bit    Registers := 1     
	                8 Bit    Registers := 1     
	                1 Bit    Registers := 2     
+---Muxes : 
	   2 Input     32 Bit        Muxes := 1     
	   9 Input     10 Bit        Muxes := 1     
	   9 Input      9 Bit        Muxes := 1     
	   2 Input      9 Bit        Muxes := 10    
	   2 Input      8 Bit        Muxes := 1     
	   9 Input      8 Bit        Muxes := 1     
	   2 Input      5 Bit        Muxes := 1     
	   2 Input      1 Bit        Muxes := 1     
	   9 Input      1 Bit        Muxes := 3     
---------------------------------------------------------------------------------
Finished RTL Hierarchical Component Statistics
---------------------------------------------------------------------------------
---------------------------------------------------------------------------------
Start Part Resource Summary
---------------------------------------------------------------------------------
Part Resources:
DSPs: 90 (col length:60)
BRAMs: 100 (col length: RAMB18 60 RAMB36 30)
---------------------------------------------------------------------------------
Finished Part Resource Summary
---------------------------------------------------------------------------------
---------------------------------------------------------------------------------
Start Cross Boundary and Area Optimization
---------------------------------------------------------------------------------
Warning: Parallel synthesis criteria is not met 
INFO: [Synth 8-5545] ROM "Timp_num/count" won't be mapped to RAM because address size (32) is larger than maximum supported(25)
INFO: [Synth 8-5545] ROM "Timp_num/divclock" won't be mapped to RAM because address size (32) is larger than maximum supported(25)
INFO: [Synth 8-5545] ROM "PROG_EXEC/num_inmuiere/count" won't be mapped to RAM because address size (32) is larger than maximum supported(25)
INFO: [Synth 8-5545] ROM "PROG_EXEC/num_inmuiere/divclock" won't be mapped to RAM because address size (32) is larger than maximum supported(25)
INFO: [Synth 8-5545] ROM "PROG_EXEC/num_spalare_prin/count" won't be mapped to RAM because address size (32) is larger than maximum supported(25)
INFO: [Synth 8-5545] ROM "PROG_EXEC/num_spalare_prin/divclock" won't be mapped to RAM because address size (32) is larger than maximum supported(25)
INFO: [Synth 8-5545] ROM "PROG_EXEC/num_eliberare_apa/count" won't be mapped to RAM because address size (32) is larger than maximum supported(25)
INFO: [Synth 8-5545] ROM "PROG_EXEC/num_eliberare_apa/divclock" won't be mapped to RAM because address size (32) is larger than maximum supported(25)
INFO: [Synth 8-5545] ROM "PROG_EXEC/num_recirculare/count" won't be mapped to RAM because address size (32) is larger than maximum supported(25)
INFO: [Synth 8-5545] ROM "PROG_EXEC/num_recirculare/divclock" won't be mapped to RAM because address size (32) is larger than maximum supported(25)
INFO: [Synth 8-5545] ROM "PROG_EXEC/num_evacuare/count" won't be mapped to RAM because address size (32) is larger than maximum supported(25)
INFO: [Synth 8-5545] ROM "PROG_EXEC/num_evacuare/divclock" won't be mapped to RAM because address size (32) is larger than maximum supported(25)
INFO: [Synth 8-5545] ROM "PROG_EXEC/num_clatire/count" won't be mapped to RAM because address size (32) is larger than maximum supported(25)
INFO: [Synth 8-5545] ROM "PROG_EXEC/num_clatire/divclock" won't be mapped to RAM because address size (32) is larger than maximum supported(25)
INFO: [Synth 8-5545] ROM "PROG_EXEC/num_clatire_sup/count" won't be mapped to RAM because address size (32) is larger than maximum supported(25)
INFO: [Synth 8-5545] ROM "PROG_EXEC/num_clatire_sup/divclock" won't be mapped to RAM because address size (32) is larger than maximum supported(25)
INFO: [Synth 8-5545] ROM "PROG_EXEC/num_uscare/count" won't be mapped to RAM because address size (32) is larger than maximum supported(25)
INFO: [Synth 8-5545] ROM "PROG_EXEC/num_uscare/divclock" won't be mapped to RAM because address size (32) is larger than maximum supported(25)
INFO: [Synth 8-5545] ROM "PROG_EXEC/count" won't be mapped to RAM because address size (32) is larger than maximum supported(25)
INFO: [Synth 8-5545] ROM "PROG_EXEC/DIVCLOCK" won't be mapped to RAM because address size (32) is larger than maximum supported(25)
INFO: [Synth 8-3886] merging instance 'timp_incalzire_reg[2]' (LDC) to 'timp_incalzire_reg[3]'
INFO: [Synth 8-3886] merging instance 'timp_incalzire_reg[3]' (LDC) to 'timp_incalzire_reg[4]'
INFO: [Synth 8-3886] merging instance 'timp_evacuare_reg[3]' (LDC) to 'timp_evacuare_reg[4]'
INFO: [Synth 8-3886] merging instance 'timp_evacuare_reg[1]' (LDC) to 'timp_incalzire_reg[4]'
INFO: [Synth 8-3886] merging instance 'timp_incalzire_reg[8]' (LDC) to 'timp_incalzire_reg[4]'
INFO: [Synth 8-3886] merging instance 'timp_evacuare_reg[8]' (LDC) to 'timp_evacuare_reg[6]'
INFO: [Synth 8-3886] merging instance 'timp_incalzire_reg[9]' (LDC) to 'timp_incalzire_reg[4]'
INFO: [Synth 8-3886] merging instance 'timp_evacuare_reg[9]' (LDC) to 'timp_evacuare_reg[5]'
INFO: [Synth 8-3886] merging instance 'timp_incalzire_reg[7]' (LDC) to 'timp_incalzire_reg[4]'
INFO: [Synth 8-3886] merging instance 'timp_evacuare_reg[7]' (LDC) to 'timp_incalzire_reg[4]'
INFO: [Synth 8-3886] merging instance 'timp_incalzire_reg[6]' (LDC) to 'timp_incalzire_reg[4]'
INFO: [Synth 8-3886] merging instance 'timp_incalzire_reg[4]' (LDC) to 'timp_incalzire_reg[5]'
INFO: [Synth 8-3333] propagating constant 0 across sequential element (\timp_incalzire_reg[5] )
INFO: [Synth 8-3886] merging instance 'TIMP_reg[9]' (LDC) to 'TIMP_reg[5]'
INFO: [Synth 8-3333] propagating constant 0 across sequential element (\TIMP_reg[7] )
INFO: [Synth 8-3886] merging instance 'PROG_EXEC/timp_reg[8]' (LDC) to 'PROG_EXEC/timp_reg[6]'
WARNING: [Synth 8-3332] Sequential element (debouncer/q0_reg) is unused and will be removed from module SETARE_PROGRAM.
WARNING: [Synth 8-3332] Sequential element (TIMP_reg[11]) is unused and will be removed from module SETARE_PROGRAM.
WARNING: [Synth 8-3332] Sequential element (TIMP_reg[10]) is unused and will be removed from module SETARE_PROGRAM.
WARNING: [Synth 8-3332] Sequential element (TIMP_reg[7]) is unused and will be removed from module SETARE_PROGRAM.
WARNING: [Synth 8-3332] Sequential element (timp_incalzire_reg[5]) is unused and will be removed from module SETARE_PROGRAM.
---------------------------------------------------------------------------------
Finished Cross Boundary and Area Optimization : Time (s): cpu = 00:00:14 ; elapsed = 00:00:30 . Memory (MB): peak = 847.211 ; gain = 487.148
---------------------------------------------------------------------------------

Report RTL Partitions: 
+-+--------------+------------+----------+
| |RTL Partition |Replication |Instances |
+-+--------------+------------+----------+
+-+--------------+------------+----------+
---------------------------------------------------------------------------------
Start Applying XDC Timing Constraints
---------------------------------------------------------------------------------
---------------------------------------------------------------------------------
Finished Applying XDC Timing Constraints : Time (s): cpu = 00:00:20 ; elapsed = 00:00:44 . Memory (MB): peak = 847.211 ; gain = 487.148
---------------------------------------------------------------------------------
---------------------------------------------------------------------------------
Start Timing Optimization
---------------------------------------------------------------------------------
---------------------------------------------------------------------------------
Finished Timing Optimization : Time (s): cpu = 00:00:22 ; elapsed = 00:00:47 . Memory (MB): peak = 888.645 ; gain = 528.582
---------------------------------------------------------------------------------

Report RTL Partitions: 
+-+--------------+------------+----------+
| |RTL Partition |Replication |Instances |
+-+--------------+------------+----------+
+-+--------------+------------+----------+
---------------------------------------------------------------------------------
Start Technology Mapping
---------------------------------------------------------------------------------
---------------------------------------------------------------------------------
Finished Technology Mapping : Time (s): cpu = 00:00:22 ; elapsed = 00:00:47 . Memory (MB): peak = 888.645 ; gain = 528.582
---------------------------------------------------------------------------------

Report RTL Partitions: 
+-+--------------+------------+----------+
| |RTL Partition |Replication |Instances |
+-+--------------+------------+----------+
+-+--------------+------------+----------+
---------------------------------------------------------------------------------
Start IO Insertion
---------------------------------------------------------------------------------
---------------------------------------------------------------------------------
Start Flattening Before IO Insertion
---------------------------------------------------------------------------------
---------------------------------------------------------------------------------
Finished Flattening Before IO Insertion
---------------------------------------------------------------------------------
---------------------------------------------------------------------------------
Start Final Netlist Cleanup
---------------------------------------------------------------------------------
---------------------------------------------------------------------------------
Finished Final Netlist Cleanup
---------------------------------------------------------------------------------
---------------------------------------------------------------------------------
Finished IO Insertion : Time (s): cpu = 00:00:23 ; elapsed = 00:00:49 . Memory (MB): peak = 888.645 ; gain = 528.582
---------------------------------------------------------------------------------

Report Check Netlist: 
+------+------------------+-------+---------+-------+------------------+
|      |Item              |Errors |Warnings |Status |Description       |
+------+------------------+-------+---------+-------+------------------+
|1     |multi_driven_nets |      0|        0|Passed |Multi driven nets |
+------+------------------+-------+---------+-------+------------------+
---------------------------------------------------------------------------------
Start Renaming Generated Instances
---------------------------------------------------------------------------------
---------------------------------------------------------------------------------
Finished Renaming Generated Instances : Time (s): cpu = 00:00:23 ; elapsed = 00:00:49 . Memory (MB): peak = 888.645 ; gain = 528.582
---------------------------------------------------------------------------------

Report RTL Partitions: 
+-+--------------+------------+----------+
| |RTL Partition |Replication |Instances |
+-+--------------+------------+----------+
+-+--------------+------------+----------+
---------------------------------------------------------------------------------
Start Rebuilding User Hierarchy
---------------------------------------------------------------------------------
---------------------------------------------------------------------------------
Finished Rebuilding User Hierarchy : Time (s): cpu = 00:00:23 ; elapsed = 00:00:49 . Memory (MB): peak = 888.645 ; gain = 528.582
---------------------------------------------------------------------------------
---------------------------------------------------------------------------------
Start Renaming Generated Ports
---------------------------------------------------------------------------------
---------------------------------------------------------------------------------
Finished Renaming Generated Ports : Time (s): cpu = 00:00:23 ; elapsed = 00:00:49 . Memory (MB): peak = 888.645 ; gain = 528.582
---------------------------------------------------------------------------------
---------------------------------------------------------------------------------
Start Handling Custom Attributes
---------------------------------------------------------------------------------
---------------------------------------------------------------------------------
Finished Handling Custom Attributes : Time (s): cpu = 00:00:23 ; elapsed = 00:00:49 . Memory (MB): peak = 888.645 ; gain = 528.582
---------------------------------------------------------------------------------
---------------------------------------------------------------------------------
Start Renaming Generated Nets
---------------------------------------------------------------------------------
---------------------------------------------------------------------------------
Finished Renaming Generated Nets : Time (s): cpu = 00:00:23 ; elapsed = 00:00:49 . Memory (MB): peak = 888.645 ; gain = 528.582
---------------------------------------------------------------------------------
---------------------------------------------------------------------------------
Start Writing Synthesis Report
---------------------------------------------------------------------------------

Report BlackBoxes: 
+-+--------------+----------+
| |BlackBox name |Instances |
+-+--------------+----------+
+-+--------------+----------+

Report Cell Usage: 
+------+-------+------+
|      |Cell   |Count |
+------+-------+------+
|1     |BUFG   |     2|
|2     |CARRY4 |    76|
|3     |LUT1   |     6|
|4     |LUT2   |   302|
|5     |LUT3   |    74|
|6     |LUT4   |   119|
|7     |LUT5   |   144|
|8     |LUT6   |   164|
|9     |FDCE   |   393|
|10    |FDPE   |    80|
|11    |FDRE   |    28|
|12    |LD     |     2|
|13    |LDC    |   102|
|14    |LDP    |     2|
|15    |IBUF   |     9|
|16    |OBUF   |    20|
+------+-------+------+

Report Instance Areas: 
+------+---------------------+------------------+------+
|      |Instance             |Module            |Cells |
+------+---------------------+------------------+------+
|1     |top                  |                  |  1523|
|2     |  AFIS_TIMP          |SSD               |    25|
|3     |  PROG_EXEC          |executare_program |  1236|
|4     |    num_clatire      |COUNTER_HM        |   154|
|5     |    num_clatire_sup  |COUNTER_HM_0      |   158|
|6     |    num_evacuare     |COUNTER_HM_1      |   156|
|7     |    num_inmuiere     |COUNTER_HM_2      |   155|
|8     |    num_recirculare  |COUNTER_HM_3      |   153|
|9     |    num_spalare_prin |COUNTER_HM_4      |   157|
|10    |    num_uscare       |COUNTER_HM_5      |   176|
|11    |  Timp_num           |COUNTER_DOWN_TIMP |   184|
|12    |  alegere_program    |counter_3_bits    |    23|
+------+---------------------+------------------+------+
---------------------------------------------------------------------------------
Finished Writing Synthesis Report : Time (s): cpu = 00:00:23 ; elapsed = 00:00:49 . Memory (MB): peak = 888.645 ; gain = 528.582
---------------------------------------------------------------------------------
Synthesis finished with 0 errors, 0 critical warnings and 12 warnings.
Synthesis Optimization Runtime : Time (s): cpu = 00:00:15 ; elapsed = 00:00:39 . Memory (MB): peak = 888.645 ; gain = 193.203
Synthesis Optimization Complete : Time (s): cpu = 00:00:23 ; elapsed = 00:00:50 . Memory (MB): peak = 888.645 ; gain = 528.582
INFO: [Project 1-571] Translating synthesized netlist
INFO: [Netlist 29-17] Analyzing 182 Unisim elements for replacement
INFO: [Netlist 29-28] Unisim Transformation completed in 0 CPU seconds
INFO: [Project 1-570] Preparing netlist for logic optimization
INFO: [Opt 31-138] Pushed 1 inverter(s) to 11 load pin(s).
Netlist sorting complete. Time (s): cpu = 00:00:00 ; elapsed = 00:00:00.001 . Memory (MB): peak = 888.645 ; gain = 0.000
INFO: [Project 1-111] Unisim Transformation Summary:
  A total of 106 instances were transformed.
  LD => LDCE: 2 instances
  LDC => LDCE: 92 instances
  LDC => LDCE (inverted pins: G): 10 instances
  LDP => LDPE: 1 instances
  LDP => LDPE (inverted pins: G): 1 instances

INFO: [Common 17-83] Releasing license: Synthesis
86 Infos, 42 Warnings, 0 Critical Warnings and 0 Errors encountered.
synth_design completed successfully
synth_design: Time (s): cpu = 00:00:24 ; elapsed = 00:00:53 . Memory (MB): peak = 888.645 ; gain = 541.598
Netlist sorting complete. Time (s): cpu = 00:00:00 ; elapsed = 00:00:00.001 . Memory (MB): peak = 888.645 ; gain = 0.000
WARNING: [Constraints 18-5210] No constraints selected for write.
Resolution: This message can indicate that there are no constraints for the design, or it can indicate that the used_in flags are set such that the constraints are ignored. This later case is used when running synth_design to not write synthesis constraints to the resulting checkpoint. Instead, project constraints are read when the synthesized design is opened.
INFO: [Common 17-1381] The checkpoint 'D:/DSD/COLOCVIU_PB/masina_spalat_vase/masina_spalat_vase.runs/synth_1/SETARE_PROGRAM.dcp' has been generated.
INFO: [runtcl-4] Executing : report_utilization -file SETARE_PROGRAM_utilization_synth.rpt -pb SETARE_PROGRAM_utilization_synth.pb
INFO: [Common 17-206] Exiting Vivado at Fri May 26 20:34:01 2023...
