
*** Running vivado
    with args -log test_env.vds -m64 -product Vivado -mode batch -messageDb vivado.pb -notrace -source test_env.tcl


****** Vivado v2018.3 (64-bit)
  **** SW Build 2405991 on Thu Dec  6 23:38:27 MST 2018
  **** IP Build 2404404 on Fri Dec  7 01:43:56 MST 2018
    ** Copyright 1986-2018 Xilinx, Inc. All Rights Reserved.

source test_env.tcl -notrace
Command: synth_design -top test_env -part xc7a100tcsg324-1
Starting synth_design
Attempting to get a license for feature 'Synthesis' and/or device 'xc7a100t'
INFO: [Common 17-349] Got license for feature 'Synthesis' and/or device 'xc7a100t'
INFO: Launching helper process for spawning children vivado processes
INFO: Helper process launched with PID 2328 
---------------------------------------------------------------------------------
Starting RTL Elaboration : Time (s): cpu = 00:00:04 ; elapsed = 00:00:04 . Memory (MB): peak = 431.109 ; gain = 100.219
---------------------------------------------------------------------------------
INFO: [Synth 8-638] synthesizing module 'test_env' [C:/Users/ASUS/Desktop/AN2_SEM2/AC/Mips_pipeline/mips_pipeline_v/mips_pipeline_v.srcs/sources_1/new/test_env.vhd:14]
INFO: [Synth 8-3491] module 'MPG' declared at 'C:/Users/ASUS/Desktop/AN2_SEM2/AC/Mips_pipeline/mips_pipeline_v/mips_pipeline_v.srcs/sources_1/new/MPG.vhd:26' bound to instance 'monopulse' of component 'MPG' [C:/Users/ASUS/Desktop/AN2_SEM2/AC/Mips_pipeline/mips_pipeline_v/mips_pipeline_v.srcs/sources_1/new/test_env.vhd:147]
INFO: [Synth 8-638] synthesizing module 'MPG' [C:/Users/ASUS/Desktop/AN2_SEM2/AC/Mips_pipeline/mips_pipeline_v/mips_pipeline_v.srcs/sources_1/new/MPG.vhd:32]
INFO: [Synth 8-256] done synthesizing module 'MPG' (1#1) [C:/Users/ASUS/Desktop/AN2_SEM2/AC/Mips_pipeline/mips_pipeline_v/mips_pipeline_v.srcs/sources_1/new/MPG.vhd:32]
INFO: [Synth 8-3491] module 'IFetch' declared at 'C:/Users/ASUS/Desktop/AN2_SEM2/AC/Mips_pipeline/mips_pipeline_v/mips_pipeline_v.srcs/sources_1/new/IFetch.vhd:26' bound to instance 'inst_IFetch' of component 'IFetch' [C:/Users/ASUS/Desktop/AN2_SEM2/AC/Mips_pipeline/mips_pipeline_v/mips_pipeline_v.srcs/sources_1/new/test_env.vhd:150]
INFO: [Synth 8-638] synthesizing module 'IFetch' [C:/Users/ASUS/Desktop/AN2_SEM2/AC/Mips_pipeline/mips_pipeline_v/mips_pipeline_v.srcs/sources_1/new/IFetch.vhd:38]
INFO: [Synth 8-256] done synthesizing module 'IFetch' (2#1) [C:/Users/ASUS/Desktop/AN2_SEM2/AC/Mips_pipeline/mips_pipeline_v/mips_pipeline_v.srcs/sources_1/new/IFetch.vhd:38]
WARNING: [Synth 8-5640] Port 'writeaddress' is missing in component declaration [C:/Users/ASUS/Desktop/AN2_SEM2/AC/Mips_pipeline/mips_pipeline_v/mips_pipeline_v.srcs/sources_1/new/test_env.vhd:41]
INFO: [Synth 8-3491] module 'ID' declared at 'C:/Users/ASUS/Desktop/AN2_SEM2/AC/Mips_pipeline/mips_pipeline_v/mips_pipeline_v.srcs/sources_1/new/ID.vhd:14' bound to instance 'inst_ID' of component 'ID' [C:/Users/ASUS/Desktop/AN2_SEM2/AC/Mips_pipeline/mips_pipeline_v/mips_pipeline_v.srcs/sources_1/new/test_env.vhd:151]
INFO: [Synth 8-638] synthesizing module 'ID' [C:/Users/ASUS/Desktop/AN2_SEM2/AC/Mips_pipeline/mips_pipeline_v/mips_pipeline_v.srcs/sources_1/new/ID.vhd:30]
INFO: [Synth 8-256] done synthesizing module 'ID' (3#1) [C:/Users/ASUS/Desktop/AN2_SEM2/AC/Mips_pipeline/mips_pipeline_v/mips_pipeline_v.srcs/sources_1/new/ID.vhd:30]
INFO: [Synth 8-3491] module 'UC' declared at 'C:/Users/ASUS/Desktop/AN2_SEM2/AC/Mips_pipeline/mips_pipeline_v/mips_pipeline_v.srcs/sources_1/new/UC.vhd:25' bound to instance 'inst_UC' of component 'UC' [C:/Users/ASUS/Desktop/AN2_SEM2/AC/Mips_pipeline/mips_pipeline_v/mips_pipeline_v.srcs/sources_1/new/test_env.vhd:152]
INFO: [Synth 8-638] synthesizing module 'UC' [C:/Users/ASUS/Desktop/AN2_SEM2/AC/Mips_pipeline/mips_pipeline_v/mips_pipeline_v.srcs/sources_1/new/UC.vhd:38]
INFO: [Synth 8-256] done synthesizing module 'UC' (4#1) [C:/Users/ASUS/Desktop/AN2_SEM2/AC/Mips_pipeline/mips_pipeline_v/mips_pipeline_v.srcs/sources_1/new/UC.vhd:38]
INFO: [Synth 8-3491] module 'EX' declared at 'C:/Users/ASUS/Desktop/AN2_SEM2/AC/Mips_pipeline/mips_pipeline_v/mips_pipeline_v.srcs/sources_1/new/EX.vhd:16' bound to instance 'inst_EX' of component 'EX' [C:/Users/ASUS/Desktop/AN2_SEM2/AC/Mips_pipeline/mips_pipeline_v/mips_pipeline_v.srcs/sources_1/new/test_env.vhd:153]
INFO: [Synth 8-638] synthesizing module 'EX' [C:/Users/ASUS/Desktop/AN2_SEM2/AC/Mips_pipeline/mips_pipeline_v/mips_pipeline_v.srcs/sources_1/new/EX.vhd:35]
INFO: [Synth 8-226] default block is never used [C:/Users/ASUS/Desktop/AN2_SEM2/AC/Mips_pipeline/mips_pipeline_v/mips_pipeline_v.srcs/sources_1/new/EX.vhd:74]
INFO: [Synth 8-256] done synthesizing module 'EX' (5#1) [C:/Users/ASUS/Desktop/AN2_SEM2/AC/Mips_pipeline/mips_pipeline_v/mips_pipeline_v.srcs/sources_1/new/EX.vhd:35]
WARNING: [Synth 8-5640] Port 'writeaddress_in' is missing in component declaration [C:/Users/ASUS/Desktop/AN2_SEM2/AC/Mips_pipeline/mips_pipeline_v/mips_pipeline_v.srcs/sources_1/new/test_env.vhd:88]
WARNING: [Synth 8-5640] Port 'writeaddress_out' is missing in component declaration [C:/Users/ASUS/Desktop/AN2_SEM2/AC/Mips_pipeline/mips_pipeline_v/mips_pipeline_v.srcs/sources_1/new/test_env.vhd:88]
INFO: [Synth 8-3491] module 'MEM' declared at 'C:/Users/ASUS/Desktop/AN2_SEM2/AC/Mips_pipeline/mips_pipeline_v/mips_pipeline_v.srcs/sources_1/new/MEM.vhd:14' bound to instance 'inst_MEM' of component 'MEM' [C:/Users/ASUS/Desktop/AN2_SEM2/AC/Mips_pipeline/mips_pipeline_v/mips_pipeline_v.srcs/sources_1/new/test_env.vhd:154]
INFO: [Synth 8-638] synthesizing module 'MEM' [C:/Users/ASUS/Desktop/AN2_SEM2/AC/Mips_pipeline/mips_pipeline_v/mips_pipeline_v.srcs/sources_1/new/MEM.vhd:27]
INFO: [Synth 8-256] done synthesizing module 'MEM' (6#1) [C:/Users/ASUS/Desktop/AN2_SEM2/AC/Mips_pipeline/mips_pipeline_v/mips_pipeline_v.srcs/sources_1/new/MEM.vhd:27]
WARNING: [Synth 8-614] signal 'IF_ID' is read in the process but is not in the sensitivity list [C:/Users/ASUS/Desktop/AN2_SEM2/AC/Mips_pipeline/mips_pipeline_v/mips_pipeline_v.srcs/sources_1/new/test_env.vhd:156]
WARNING: [Synth 8-614] signal 'ID_EX' is read in the process but is not in the sensitivity list [C:/Users/ASUS/Desktop/AN2_SEM2/AC/Mips_pipeline/mips_pipeline_v/mips_pipeline_v.srcs/sources_1/new/test_env.vhd:156]
WARNING: [Synth 8-614] signal 'EX_MEM' is read in the process but is not in the sensitivity list [C:/Users/ASUS/Desktop/AN2_SEM2/AC/Mips_pipeline/mips_pipeline_v/mips_pipeline_v.srcs/sources_1/new/test_env.vhd:156]
INFO: [Synth 8-226] default block is never used [C:/Users/ASUS/Desktop/AN2_SEM2/AC/Mips_pipeline/mips_pipeline_v/mips_pipeline_v.srcs/sources_1/new/test_env.vhd:182]
INFO: [Synth 8-3491] module 'SSD' declared at 'C:/Users/ASUS/Desktop/AN2_SEM2/AC/Mips_pipeline/mips_pipeline_v/mips_pipeline_v.srcs/sources_1/new/SSD.vhd:26' bound to instance 'display' of component 'SSD' [C:/Users/ASUS/Desktop/AN2_SEM2/AC/Mips_pipeline/mips_pipeline_v/mips_pipeline_v.srcs/sources_1/new/test_env.vhd:192]
INFO: [Synth 8-638] synthesizing module 'SSD' [C:/Users/ASUS/Desktop/AN2_SEM2/AC/Mips_pipeline/mips_pipeline_v/mips_pipeline_v.srcs/sources_1/new/SSD.vhd:33]
INFO: [Synth 8-226] default block is never used [C:/Users/ASUS/Desktop/AN2_SEM2/AC/Mips_pipeline/mips_pipeline_v/mips_pipeline_v.srcs/sources_1/new/SSD.vhd:52]
INFO: [Synth 8-226] default block is never used [C:/Users/ASUS/Desktop/AN2_SEM2/AC/Mips_pipeline/mips_pipeline_v/mips_pipeline_v.srcs/sources_1/new/SSD.vhd:67]
INFO: [Synth 8-226] default block is never used [C:/Users/ASUS/Desktop/AN2_SEM2/AC/Mips_pipeline/mips_pipeline_v/mips_pipeline_v.srcs/sources_1/new/SSD.vhd:81]
INFO: [Synth 8-256] done synthesizing module 'SSD' (7#1) [C:/Users/ASUS/Desktop/AN2_SEM2/AC/Mips_pipeline/mips_pipeline_v/mips_pipeline_v.srcs/sources_1/new/SSD.vhd:33]
WARNING: [Synth 8-3848] Net Instruction in module/entity test_env does not have driver. [C:/Users/ASUS/Desktop/AN2_SEM2/AC/Mips_pipeline/mips_pipeline_v/mips_pipeline_v.srcs/sources_1/new/test_env.vhd:98]
WARNING: [Synth 8-3848] Net PCp4 in module/entity test_env does not have driver. [C:/Users/ASUS/Desktop/AN2_SEM2/AC/Mips_pipeline/mips_pipeline_v/mips_pipeline_v.srcs/sources_1/new/test_env.vhd:98]
WARNING: [Synth 8-3848] Net zero in module/entity test_env does not have driver. [C:/Users/ASUS/Desktop/AN2_SEM2/AC/Mips_pipeline/mips_pipeline_v/mips_pipeline_v.srcs/sources_1/new/test_env.vhd:102]
WARNING: [Synth 8-3848] Net Branch in module/entity test_env does not have driver. [C:/Users/ASUS/Desktop/AN2_SEM2/AC/Mips_pipeline/mips_pipeline_v/mips_pipeline_v.srcs/sources_1/new/test_env.vhd:106]
WARNING: [Synth 8-3848] Net MemData in module/entity test_env does not have driver. [C:/Users/ASUS/Desktop/AN2_SEM2/AC/Mips_pipeline/mips_pipeline_v/mips_pipeline_v.srcs/sources_1/new/test_env.vhd:99]
WARNING: [Synth 8-3848] Net ALURes1 in module/entity test_env does not have driver. [C:/Users/ASUS/Desktop/AN2_SEM2/AC/Mips_pipeline/mips_pipeline_v/mips_pipeline_v.srcs/sources_1/new/test_env.vhd:99]
WARNING: [Synth 8-3848] Net MemtoReg in module/entity test_env does not have driver. [C:/Users/ASUS/Desktop/AN2_SEM2/AC/Mips_pipeline/mips_pipeline_v/mips_pipeline_v.srcs/sources_1/new/test_env.vhd:106]
WARNING: [Synth 8-3848] Net RD1 in module/entity test_env does not have driver. [C:/Users/ASUS/Desktop/AN2_SEM2/AC/Mips_pipeline/mips_pipeline_v/mips_pipeline_v.srcs/sources_1/new/test_env.vhd:98]
WARNING: [Synth 8-3848] Net RD2 in module/entity test_env does not have driver. [C:/Users/ASUS/Desktop/AN2_SEM2/AC/Mips_pipeline/mips_pipeline_v/mips_pipeline_v.srcs/sources_1/new/test_env.vhd:98]
WARNING: [Synth 8-3848] Net Ext_imm in module/entity test_env does not have driver. [C:/Users/ASUS/Desktop/AN2_SEM2/AC/Mips_pipeline/mips_pipeline_v/mips_pipeline_v.srcs/sources_1/new/test_env.vhd:98]
WARNING: [Synth 8-3848] Net ALURes in module/entity test_env does not have driver. [C:/Users/ASUS/Desktop/AN2_SEM2/AC/Mips_pipeline/mips_pipeline_v/mips_pipeline_v.srcs/sources_1/new/test_env.vhd:99]
INFO: [Synth 8-256] done synthesizing module 'test_env' (8#1) [C:/Users/ASUS/Desktop/AN2_SEM2/AC/Mips_pipeline/mips_pipeline_v/mips_pipeline_v.srcs/sources_1/new/test_env.vhd:14]
WARNING: [Synth 8-3331] design test_env has unconnected port led[15]
WARNING: [Synth 8-3331] design test_env has unconnected port led[14]
WARNING: [Synth 8-3331] design test_env has unconnected port led[13]
WARNING: [Synth 8-3331] design test_env has unconnected port led[12]
WARNING: [Synth 8-3331] design test_env has unconnected port led[11]
WARNING: [Synth 8-3331] design test_env has unconnected port btn[4]
WARNING: [Synth 8-3331] design test_env has unconnected port btn[3]
WARNING: [Synth 8-3331] design test_env has unconnected port btn[2]
WARNING: [Synth 8-3331] design test_env has unconnected port sw[15]
WARNING: [Synth 8-3331] design test_env has unconnected port sw[14]
WARNING: [Synth 8-3331] design test_env has unconnected port sw[13]
WARNING: [Synth 8-3331] design test_env has unconnected port sw[12]
WARNING: [Synth 8-3331] design test_env has unconnected port sw[11]
WARNING: [Synth 8-3331] design test_env has unconnected port sw[10]
WARNING: [Synth 8-3331] design test_env has unconnected port sw[9]
WARNING: [Synth 8-3331] design test_env has unconnected port sw[8]
WARNING: [Synth 8-3331] design test_env has unconnected port sw[4]
WARNING: [Synth 8-3331] design test_env has unconnected port sw[3]
WARNING: [Synth 8-3331] design test_env has unconnected port sw[2]
WARNING: [Synth 8-3331] design test_env has unconnected port sw[1]
WARNING: [Synth 8-3331] design test_env has unconnected port sw[0]
---------------------------------------------------------------------------------
Finished RTL Elaboration : Time (s): cpu = 00:00:05 ; elapsed = 00:00:06 . Memory (MB): peak = 487.676 ; gain = 156.785
---------------------------------------------------------------------------------

Report Check Netlist: 
+------+------------------+-------+---------+-------+------------------+
|      |Item              |Errors |Warnings |Status |Description       |
+------+------------------+-------+---------+-------+------------------+
|1     |multi_driven_nets |      0|        0|Passed |Multi driven nets |
+------+------------------+-------+---------+-------+------------------+
WARNING: [Synth 8-3295] tying undriven pin inst_IFetch:JumpAddress[31] to constant 0 [C:/Users/ASUS/Desktop/AN2_SEM2/AC/Mips_pipeline/mips_pipeline_v/mips_pipeline_v.srcs/sources_1/new/test_env.vhd:150]
WARNING: [Synth 8-3295] tying undriven pin inst_IFetch:JumpAddress[30] to constant 0 [C:/Users/ASUS/Desktop/AN2_SEM2/AC/Mips_pipeline/mips_pipeline_v/mips_pipeline_v.srcs/sources_1/new/test_env.vhd:150]
WARNING: [Synth 8-3295] tying undriven pin inst_IFetch:JumpAddress[29] to constant 0 [C:/Users/ASUS/Desktop/AN2_SEM2/AC/Mips_pipeline/mips_pipeline_v/mips_pipeline_v.srcs/sources_1/new/test_env.vhd:150]
WARNING: [Synth 8-3295] tying undriven pin inst_IFetch:JumpAddress[28] to constant 0 [C:/Users/ASUS/Desktop/AN2_SEM2/AC/Mips_pipeline/mips_pipeline_v/mips_pipeline_v.srcs/sources_1/new/test_env.vhd:150]
WARNING: [Synth 8-3295] tying undriven pin inst_IFetch:JumpAddress[27] to constant 0 [C:/Users/ASUS/Desktop/AN2_SEM2/AC/Mips_pipeline/mips_pipeline_v/mips_pipeline_v.srcs/sources_1/new/test_env.vhd:150]
WARNING: [Synth 8-3295] tying undriven pin inst_IFetch:JumpAddress[26] to constant 0 [C:/Users/ASUS/Desktop/AN2_SEM2/AC/Mips_pipeline/mips_pipeline_v/mips_pipeline_v.srcs/sources_1/new/test_env.vhd:150]
WARNING: [Synth 8-3295] tying undriven pin inst_IFetch:JumpAddress[25] to constant 0 [C:/Users/ASUS/Desktop/AN2_SEM2/AC/Mips_pipeline/mips_pipeline_v/mips_pipeline_v.srcs/sources_1/new/test_env.vhd:150]
WARNING: [Synth 8-3295] tying undriven pin inst_IFetch:JumpAddress[24] to constant 0 [C:/Users/ASUS/Desktop/AN2_SEM2/AC/Mips_pipeline/mips_pipeline_v/mips_pipeline_v.srcs/sources_1/new/test_env.vhd:150]
WARNING: [Synth 8-3295] tying undriven pin inst_IFetch:JumpAddress[23] to constant 0 [C:/Users/ASUS/Desktop/AN2_SEM2/AC/Mips_pipeline/mips_pipeline_v/mips_pipeline_v.srcs/sources_1/new/test_env.vhd:150]
WARNING: [Synth 8-3295] tying undriven pin inst_IFetch:JumpAddress[22] to constant 0 [C:/Users/ASUS/Desktop/AN2_SEM2/AC/Mips_pipeline/mips_pipeline_v/mips_pipeline_v.srcs/sources_1/new/test_env.vhd:150]
WARNING: [Synth 8-3295] tying undriven pin inst_IFetch:JumpAddress[21] to constant 0 [C:/Users/ASUS/Desktop/AN2_SEM2/AC/Mips_pipeline/mips_pipeline_v/mips_pipeline_v.srcs/sources_1/new/test_env.vhd:150]
WARNING: [Synth 8-3295] tying undriven pin inst_IFetch:JumpAddress[20] to constant 0 [C:/Users/ASUS/Desktop/AN2_SEM2/AC/Mips_pipeline/mips_pipeline_v/mips_pipeline_v.srcs/sources_1/new/test_env.vhd:150]
WARNING: [Synth 8-3295] tying undriven pin inst_IFetch:JumpAddress[19] to constant 0 [C:/Users/ASUS/Desktop/AN2_SEM2/AC/Mips_pipeline/mips_pipeline_v/mips_pipeline_v.srcs/sources_1/new/test_env.vhd:150]
WARNING: [Synth 8-3295] tying undriven pin inst_IFetch:JumpAddress[18] to constant 0 [C:/Users/ASUS/Desktop/AN2_SEM2/AC/Mips_pipeline/mips_pipeline_v/mips_pipeline_v.srcs/sources_1/new/test_env.vhd:150]
WARNING: [Synth 8-3295] tying undriven pin inst_IFetch:JumpAddress[17] to constant 0 [C:/Users/ASUS/Desktop/AN2_SEM2/AC/Mips_pipeline/mips_pipeline_v/mips_pipeline_v.srcs/sources_1/new/test_env.vhd:150]
WARNING: [Synth 8-3295] tying undriven pin inst_IFetch:JumpAddress[16] to constant 0 [C:/Users/ASUS/Desktop/AN2_SEM2/AC/Mips_pipeline/mips_pipeline_v/mips_pipeline_v.srcs/sources_1/new/test_env.vhd:150]
WARNING: [Synth 8-3295] tying undriven pin inst_IFetch:JumpAddress[15] to constant 0 [C:/Users/ASUS/Desktop/AN2_SEM2/AC/Mips_pipeline/mips_pipeline_v/mips_pipeline_v.srcs/sources_1/new/test_env.vhd:150]
WARNING: [Synth 8-3295] tying undriven pin inst_IFetch:JumpAddress[14] to constant 0 [C:/Users/ASUS/Desktop/AN2_SEM2/AC/Mips_pipeline/mips_pipeline_v/mips_pipeline_v.srcs/sources_1/new/test_env.vhd:150]
WARNING: [Synth 8-3295] tying undriven pin inst_IFetch:JumpAddress[13] to constant 0 [C:/Users/ASUS/Desktop/AN2_SEM2/AC/Mips_pipeline/mips_pipeline_v/mips_pipeline_v.srcs/sources_1/new/test_env.vhd:150]
WARNING: [Synth 8-3295] tying undriven pin inst_IFetch:JumpAddress[12] to constant 0 [C:/Users/ASUS/Desktop/AN2_SEM2/AC/Mips_pipeline/mips_pipeline_v/mips_pipeline_v.srcs/sources_1/new/test_env.vhd:150]
WARNING: [Synth 8-3295] tying undriven pin inst_IFetch:JumpAddress[11] to constant 0 [C:/Users/ASUS/Desktop/AN2_SEM2/AC/Mips_pipeline/mips_pipeline_v/mips_pipeline_v.srcs/sources_1/new/test_env.vhd:150]
WARNING: [Synth 8-3295] tying undriven pin inst_IFetch:JumpAddress[10] to constant 0 [C:/Users/ASUS/Desktop/AN2_SEM2/AC/Mips_pipeline/mips_pipeline_v/mips_pipeline_v.srcs/sources_1/new/test_env.vhd:150]
WARNING: [Synth 8-3295] tying undriven pin inst_IFetch:JumpAddress[9] to constant 0 [C:/Users/ASUS/Desktop/AN2_SEM2/AC/Mips_pipeline/mips_pipeline_v/mips_pipeline_v.srcs/sources_1/new/test_env.vhd:150]
WARNING: [Synth 8-3295] tying undriven pin inst_IFetch:JumpAddress[8] to constant 0 [C:/Users/ASUS/Desktop/AN2_SEM2/AC/Mips_pipeline/mips_pipeline_v/mips_pipeline_v.srcs/sources_1/new/test_env.vhd:150]
WARNING: [Synth 8-3295] tying undriven pin inst_IFetch:JumpAddress[7] to constant 0 [C:/Users/ASUS/Desktop/AN2_SEM2/AC/Mips_pipeline/mips_pipeline_v/mips_pipeline_v.srcs/sources_1/new/test_env.vhd:150]
WARNING: [Synth 8-3295] tying undriven pin inst_IFetch:JumpAddress[6] to constant 0 [C:/Users/ASUS/Desktop/AN2_SEM2/AC/Mips_pipeline/mips_pipeline_v/mips_pipeline_v.srcs/sources_1/new/test_env.vhd:150]
WARNING: [Synth 8-3295] tying undriven pin inst_IFetch:JumpAddress[5] to constant 0 [C:/Users/ASUS/Desktop/AN2_SEM2/AC/Mips_pipeline/mips_pipeline_v/mips_pipeline_v.srcs/sources_1/new/test_env.vhd:150]
WARNING: [Synth 8-3295] tying undriven pin inst_IFetch:JumpAddress[4] to constant 0 [C:/Users/ASUS/Desktop/AN2_SEM2/AC/Mips_pipeline/mips_pipeline_v/mips_pipeline_v.srcs/sources_1/new/test_env.vhd:150]
WARNING: [Synth 8-3295] tying undriven pin inst_IFetch:JumpAddress[3] to constant 0 [C:/Users/ASUS/Desktop/AN2_SEM2/AC/Mips_pipeline/mips_pipeline_v/mips_pipeline_v.srcs/sources_1/new/test_env.vhd:150]
WARNING: [Synth 8-3295] tying undriven pin inst_IFetch:JumpAddress[2] to constant 0 [C:/Users/ASUS/Desktop/AN2_SEM2/AC/Mips_pipeline/mips_pipeline_v/mips_pipeline_v.srcs/sources_1/new/test_env.vhd:150]
WARNING: [Synth 8-3295] tying undriven pin inst_ID:WriteAddress[4] to constant 0 [C:/Users/ASUS/Desktop/AN2_SEM2/AC/Mips_pipeline/mips_pipeline_v/mips_pipeline_v.srcs/sources_1/new/test_env.vhd:151]
WARNING: [Synth 8-3295] tying undriven pin inst_ID:WriteAddress[3] to constant 0 [C:/Users/ASUS/Desktop/AN2_SEM2/AC/Mips_pipeline/mips_pipeline_v/mips_pipeline_v.srcs/sources_1/new/test_env.vhd:151]
WARNING: [Synth 8-3295] tying undriven pin inst_ID:WriteAddress[2] to constant 0 [C:/Users/ASUS/Desktop/AN2_SEM2/AC/Mips_pipeline/mips_pipeline_v/mips_pipeline_v.srcs/sources_1/new/test_env.vhd:151]
WARNING: [Synth 8-3295] tying undriven pin inst_ID:WriteAddress[1] to constant 0 [C:/Users/ASUS/Desktop/AN2_SEM2/AC/Mips_pipeline/mips_pipeline_v/mips_pipeline_v.srcs/sources_1/new/test_env.vhd:151]
WARNING: [Synth 8-3295] tying undriven pin inst_ID:WriteAddress[0] to constant 0 [C:/Users/ASUS/Desktop/AN2_SEM2/AC/Mips_pipeline/mips_pipeline_v/mips_pipeline_v.srcs/sources_1/new/test_env.vhd:151]
WARNING: [Synth 8-3295] tying undriven pin inst_MEM:Writeaddress_in[4] to constant 0 [C:/Users/ASUS/Desktop/AN2_SEM2/AC/Mips_pipeline/mips_pipeline_v/mips_pipeline_v.srcs/sources_1/new/test_env.vhd:154]
WARNING: [Synth 8-3295] tying undriven pin inst_MEM:Writeaddress_in[3] to constant 0 [C:/Users/ASUS/Desktop/AN2_SEM2/AC/Mips_pipeline/mips_pipeline_v/mips_pipeline_v.srcs/sources_1/new/test_env.vhd:154]
WARNING: [Synth 8-3295] tying undriven pin inst_MEM:Writeaddress_in[2] to constant 0 [C:/Users/ASUS/Desktop/AN2_SEM2/AC/Mips_pipeline/mips_pipeline_v/mips_pipeline_v.srcs/sources_1/new/test_env.vhd:154]
WARNING: [Synth 8-3295] tying undriven pin inst_MEM:Writeaddress_in[1] to constant 0 [C:/Users/ASUS/Desktop/AN2_SEM2/AC/Mips_pipeline/mips_pipeline_v/mips_pipeline_v.srcs/sources_1/new/test_env.vhd:154]
WARNING: [Synth 8-3295] tying undriven pin inst_MEM:Writeaddress_in[0] to constant 0 [C:/Users/ASUS/Desktop/AN2_SEM2/AC/Mips_pipeline/mips_pipeline_v/mips_pipeline_v.srcs/sources_1/new/test_env.vhd:154]
---------------------------------------------------------------------------------
Start Handling Custom Attributes
---------------------------------------------------------------------------------
---------------------------------------------------------------------------------
Finished Handling Custom Attributes : Time (s): cpu = 00:00:05 ; elapsed = 00:00:06 . Memory (MB): peak = 487.676 ; gain = 156.785
---------------------------------------------------------------------------------
---------------------------------------------------------------------------------
Finished RTL Optimization Phase 1 : Time (s): cpu = 00:00:05 ; elapsed = 00:00:06 . Memory (MB): peak = 487.676 ; gain = 156.785
---------------------------------------------------------------------------------
INFO: [Device 21-403] Loading part xc7a100tcsg324-1
INFO: [Project 1-570] Preparing netlist for logic optimization

Processing XDC Constraints
Initializing timing engine
Parsing XDC File [C:/Users/ASUS/Downloads/NexysA7_test_env.xdc]
Finished Parsing XDC File [C:/Users/ASUS/Downloads/NexysA7_test_env.xdc]
INFO: [Project 1-236] Implementation specific constraints were found while reading constraint file [C:/Users/ASUS/Downloads/NexysA7_test_env.xdc]. These constraints will be ignored for synthesis but will be used in implementation. Impacted constraints are listed in the file [.Xil/test_env_propImpl.xdc].
Resolution: To avoid this warning, move constraints listed in [.Xil/test_env_propImpl.xdc] to another XDC file and exclude this new file from synthesis with the used_in_synthesis property (File Properties dialog in GUI) and re-run elaboration/synthesis.
Netlist sorting complete. Time (s): cpu = 00:00:00 ; elapsed = 00:00:00 . Memory (MB): peak = 827.785 ; gain = 0.000
Completed Processing XDC Constraints

Netlist sorting complete. Time (s): cpu = 00:00:00 ; elapsed = 00:00:00 . Memory (MB): peak = 827.855 ; gain = 0.000
INFO: [Project 1-111] Unisim Transformation Summary:
No Unisim elements were transformed.

Netlist sorting complete. Time (s): cpu = 00:00:00 ; elapsed = 00:00:00 . Memory (MB): peak = 827.855 ; gain = 0.000
Constraint Validation Runtime : Time (s): cpu = 00:00:00 ; elapsed = 00:00:00.007 . Memory (MB): peak = 827.855 ; gain = 0.000
---------------------------------------------------------------------------------
Finished Constraint Validation : Time (s): cpu = 00:00:17 ; elapsed = 00:00:21 . Memory (MB): peak = 827.855 ; gain = 496.965
---------------------------------------------------------------------------------
---------------------------------------------------------------------------------
Start Loading Part and Timing Information
---------------------------------------------------------------------------------
Loading part: xc7a100tcsg324-1
---------------------------------------------------------------------------------
Finished Loading Part and Timing Information : Time (s): cpu = 00:00:17 ; elapsed = 00:00:21 . Memory (MB): peak = 827.855 ; gain = 496.965
---------------------------------------------------------------------------------
---------------------------------------------------------------------------------
Start Applying 'set_property' XDC Constraints
---------------------------------------------------------------------------------
---------------------------------------------------------------------------------
Finished applying 'set_property' XDC Constraints : Time (s): cpu = 00:00:17 ; elapsed = 00:00:21 . Memory (MB): peak = 827.855 ; gain = 496.965
---------------------------------------------------------------------------------
INFO: [Synth 8-5546] ROM "ROM" won't be mapped to RAM because it is too sparse
---------------------------------------------------------------------------------
Finished RTL Optimization Phase 2 : Time (s): cpu = 00:00:18 ; elapsed = 00:00:22 . Memory (MB): peak = 827.855 ; gain = 496.965
---------------------------------------------------------------------------------

Report RTL Partitions: 
+-+--------------+------------+----------+
| |RTL Partition |Replication |Instances |
+-+--------------+------------+----------+
+-+--------------+------------+----------+
---------------------------------------------------------------------------------
Start RTL Component Statistics 
---------------------------------------------------------------------------------
Detailed RTL Component Info : 
+---Adders : 
	   2 Input     32 Bit       Adders := 3     
	   3 Input     32 Bit       Adders := 1     
+---XORs : 
	   2 Input     32 Bit         XORs := 1     
+---Registers : 
	               32 Bit    Registers := 1     
	                1 Bit    Registers := 3     
+---RAMs : 
	               2K Bit         RAMs := 1     
	             1024 Bit         RAMs := 1     
+---Muxes : 
	   2 Input     32 Bit        Muxes := 4     
	  33 Input     32 Bit        Muxes := 1     
	   2 Input     16 Bit        Muxes := 1     
	   8 Input      8 Bit        Muxes := 1     
	   2 Input      5 Bit        Muxes := 1     
	   9 Input      3 Bit        Muxes := 1     
	  14 Input      3 Bit        Muxes := 1     
	   9 Input      1 Bit        Muxes := 8     
---------------------------------------------------------------------------------
Finished RTL Component Statistics 
---------------------------------------------------------------------------------
---------------------------------------------------------------------------------
Start RTL Hierarchical Component Statistics 
---------------------------------------------------------------------------------
Hierarchical RTL Component report 
Module test_env 
Detailed RTL Component Info : 
+---Muxes : 
	   2 Input     32 Bit        Muxes := 1     
Module MPG 
Detailed RTL Component Info : 
+---Registers : 
	                1 Bit    Registers := 3     
Module IFetch 
Detailed RTL Component Info : 
+---Adders : 
	   2 Input     32 Bit       Adders := 1     
+---Registers : 
	               32 Bit    Registers := 1     
+---Muxes : 
	   2 Input     32 Bit        Muxes := 2     
	  33 Input     32 Bit        Muxes := 1     
Module ID 
Detailed RTL Component Info : 
+---RAMs : 
	             1024 Bit         RAMs := 1     
+---Muxes : 
	   2 Input     16 Bit        Muxes := 1     
Module UC 
Detailed RTL Component Info : 
+---Muxes : 
	   9 Input      3 Bit        Muxes := 1     
	   9 Input      1 Bit        Muxes := 8     
Module EX 
Detailed RTL Component Info : 
+---Adders : 
	   2 Input     32 Bit       Adders := 2     
	   3 Input     32 Bit       Adders := 1     
+---XORs : 
	   2 Input     32 Bit         XORs := 1     
+---Muxes : 
	   2 Input     32 Bit        Muxes := 1     
	   2 Input      5 Bit        Muxes := 1     
	  14 Input      3 Bit        Muxes := 1     
Module MEM 
Detailed RTL Component Info : 
+---RAMs : 
	               2K Bit         RAMs := 1     
Module SSD 
Detailed RTL Component Info : 
+---Muxes : 
	   8 Input      8 Bit        Muxes := 1     
---------------------------------------------------------------------------------
Finished RTL Hierarchical Component Statistics
---------------------------------------------------------------------------------
---------------------------------------------------------------------------------
Start Part Resource Summary
---------------------------------------------------------------------------------
Part Resources:
DSPs: 240 (col length:80)
BRAMs: 270 (col length: RAMB18 80 RAMB36 40)
---------------------------------------------------------------------------------
Finished Part Resource Summary
---------------------------------------------------------------------------------
---------------------------------------------------------------------------------
Start Cross Boundary and Area Optimization
---------------------------------------------------------------------------------
Warning: Parallel synthesis criteria is not met 
WARNING: [Synth 8-6014] Unused sequential element inst_MEM/MEM_reg was removed. 
WARNING: [Synth 8-3331] design test_env has unconnected port led[15]
WARNING: [Synth 8-3331] design test_env has unconnected port led[14]
WARNING: [Synth 8-3331] design test_env has unconnected port led[13]
WARNING: [Synth 8-3331] design test_env has unconnected port led[12]
WARNING: [Synth 8-3331] design test_env has unconnected port led[11]
WARNING: [Synth 8-3331] design test_env has unconnected port btn[4]
WARNING: [Synth 8-3331] design test_env has unconnected port btn[3]
WARNING: [Synth 8-3331] design test_env has unconnected port btn[2]
WARNING: [Synth 8-3331] design test_env has unconnected port sw[15]
WARNING: [Synth 8-3331] design test_env has unconnected port sw[14]
WARNING: [Synth 8-3331] design test_env has unconnected port sw[13]
WARNING: [Synth 8-3331] design test_env has unconnected port sw[12]
WARNING: [Synth 8-3331] design test_env has unconnected port sw[11]
WARNING: [Synth 8-3331] design test_env has unconnected port sw[10]
WARNING: [Synth 8-3331] design test_env has unconnected port sw[9]
WARNING: [Synth 8-3331] design test_env has unconnected port sw[8]
WARNING: [Synth 8-3331] design test_env has unconnected port sw[4]
WARNING: [Synth 8-3331] design test_env has unconnected port sw[3]
WARNING: [Synth 8-3331] design test_env has unconnected port sw[2]
WARNING: [Synth 8-3331] design test_env has unconnected port sw[1]
WARNING: [Synth 8-3331] design test_env has unconnected port sw[0]
---------------------------------------------------------------------------------
Finished Cross Boundary and Area Optimization : Time (s): cpu = 00:00:19 ; elapsed = 00:00:23 . Memory (MB): peak = 827.855 ; gain = 496.965
---------------------------------------------------------------------------------

Report RTL Partitions: 
+-+--------------+------------+----------+
| |RTL Partition |Replication |Instances |
+-+--------------+------------+----------+
+-+--------------+------------+----------+
---------------------------------------------------------------------------------
Start Applying XDC Timing Constraints
---------------------------------------------------------------------------------
---------------------------------------------------------------------------------
Finished Applying XDC Timing Constraints : Time (s): cpu = 00:00:30 ; elapsed = 00:00:35 . Memory (MB): peak = 827.855 ; gain = 496.965
---------------------------------------------------------------------------------
---------------------------------------------------------------------------------
Start Timing Optimization
---------------------------------------------------------------------------------
---------------------------------------------------------------------------------
Finished Timing Optimization : Time (s): cpu = 00:00:30 ; elapsed = 00:00:35 . Memory (MB): peak = 835.375 ; gain = 504.484
---------------------------------------------------------------------------------

Report RTL Partitions: 
+-+--------------+------------+----------+
| |RTL Partition |Replication |Instances |
+-+--------------+------------+----------+
+-+--------------+------------+----------+
---------------------------------------------------------------------------------
Start Technology Mapping
---------------------------------------------------------------------------------
---------------------------------------------------------------------------------
Finished Technology Mapping : Time (s): cpu = 00:00:30 ; elapsed = 00:00:35 . Memory (MB): peak = 835.391 ; gain = 504.500
---------------------------------------------------------------------------------

Report RTL Partitions: 
+-+--------------+------------+----------+
| |RTL Partition |Replication |Instances |
+-+--------------+------------+----------+
+-+--------------+------------+----------+
---------------------------------------------------------------------------------
Start IO Insertion
---------------------------------------------------------------------------------
---------------------------------------------------------------------------------
Start Flattening Before IO Insertion
---------------------------------------------------------------------------------
---------------------------------------------------------------------------------
Finished Flattening Before IO Insertion
---------------------------------------------------------------------------------
---------------------------------------------------------------------------------
Start Final Netlist Cleanup
---------------------------------------------------------------------------------
---------------------------------------------------------------------------------
Finished Final Netlist Cleanup
---------------------------------------------------------------------------------
---------------------------------------------------------------------------------
Finished IO Insertion : Time (s): cpu = 00:00:32 ; elapsed = 00:00:37 . Memory (MB): peak = 835.391 ; gain = 504.500
---------------------------------------------------------------------------------

Report Check Netlist: 
+------+------------------+-------+---------+-------+------------------+
|      |Item              |Errors |Warnings |Status |Description       |
+------+------------------+-------+---------+-------+------------------+
|1     |multi_driven_nets |      0|        0|Passed |Multi driven nets |
+------+------------------+-------+---------+-------+------------------+
---------------------------------------------------------------------------------
Start Renaming Generated Instances
---------------------------------------------------------------------------------
---------------------------------------------------------------------------------
Finished Renaming Generated Instances : Time (s): cpu = 00:00:32 ; elapsed = 00:00:37 . Memory (MB): peak = 835.391 ; gain = 504.500
---------------------------------------------------------------------------------

Report RTL Partitions: 
+-+--------------+------------+----------+
| |RTL Partition |Replication |Instances |
+-+--------------+------------+----------+
+-+--------------+------------+----------+
---------------------------------------------------------------------------------
Start Rebuilding User Hierarchy
---------------------------------------------------------------------------------
---------------------------------------------------------------------------------
Finished Rebuilding User Hierarchy : Time (s): cpu = 00:00:32 ; elapsed = 00:00:37 . Memory (MB): peak = 835.391 ; gain = 504.500
---------------------------------------------------------------------------------
---------------------------------------------------------------------------------
Start Renaming Generated Ports
---------------------------------------------------------------------------------
---------------------------------------------------------------------------------
Finished Renaming Generated Ports : Time (s): cpu = 00:00:32 ; elapsed = 00:00:37 . Memory (MB): peak = 835.391 ; gain = 504.500
---------------------------------------------------------------------------------
---------------------------------------------------------------------------------
Start Handling Custom Attributes
---------------------------------------------------------------------------------
---------------------------------------------------------------------------------
Finished Handling Custom Attributes : Time (s): cpu = 00:00:32 ; elapsed = 00:00:37 . Memory (MB): peak = 835.391 ; gain = 504.500
---------------------------------------------------------------------------------
---------------------------------------------------------------------------------
Start Renaming Generated Nets
---------------------------------------------------------------------------------
---------------------------------------------------------------------------------
Finished Renaming Generated Nets : Time (s): cpu = 00:00:32 ; elapsed = 00:00:37 . Memory (MB): peak = 835.391 ; gain = 504.500
---------------------------------------------------------------------------------
---------------------------------------------------------------------------------
Start Writing Synthesis Report
---------------------------------------------------------------------------------

Report BlackBoxes: 
+-+--------------+----------+
| |BlackBox name |Instances |
+-+--------------+----------+
+-+--------------+----------+

Report Cell Usage: 
+------+-------+------+
|      |Cell   |Count |
+------+-------+------+
|1     |BUFG   |     1|
|2     |CARRY4 |     5|
|3     |LUT1   |     1|
|4     |LUT3   |     8|
|5     |FDRE   |    17|
|6     |IBUF   |     1|
|7     |OBUF   |    26|
|8     |OBUFT  |     5|
+------+-------+------+

Report Instance Areas: 
+------+----------+-------+------+
|      |Instance  |Module |Cells |
+------+----------+-------+------+
|1     |top       |       |    64|
|2     |  display |SSD    |    31|
+------+----------+-------+------+
---------------------------------------------------------------------------------
Finished Writing Synthesis Report : Time (s): cpu = 00:00:32 ; elapsed = 00:00:37 . Memory (MB): peak = 835.391 ; gain = 504.500
---------------------------------------------------------------------------------
Synthesis finished with 0 errors, 0 critical warnings and 22 warnings.
Synthesis Optimization Runtime : Time (s): cpu = 00:00:19 ; elapsed = 00:00:26 . Memory (MB): peak = 835.391 ; gain = 164.320
Synthesis Optimization Complete : Time (s): cpu = 00:00:32 ; elapsed = 00:00:37 . Memory (MB): peak = 835.391 ; gain = 504.500
INFO: [Project 1-571] Translating synthesized netlist
INFO: [Netlist 29-17] Analyzing 5 Unisim elements for replacement
INFO: [Netlist 29-28] Unisim Transformation completed in 0 CPU seconds
INFO: [Project 1-570] Preparing netlist for logic optimization
INFO: [Opt 31-138] Pushed 0 inverter(s) to 0 load pin(s).
Netlist sorting complete. Time (s): cpu = 00:00:00 ; elapsed = 00:00:00 . Memory (MB): peak = 849.895 ; gain = 0.000
INFO: [Project 1-111] Unisim Transformation Summary:
No Unisim elements were transformed.

INFO: [Common 17-83] Releasing license: Synthesis
41 Infos, 100 Warnings, 0 Critical Warnings and 0 Errors encountered.
synth_design completed successfully
synth_design: Time (s): cpu = 00:00:34 ; elapsed = 00:00:40 . Memory (MB): peak = 849.895 ; gain = 532.008
Netlist sorting complete. Time (s): cpu = 00:00:00 ; elapsed = 00:00:00 . Memory (MB): peak = 849.895 ; gain = 0.000
WARNING: [Constraints 18-5210] No constraints selected for write.
Resolution: This message can indicate that there are no constraints for the design, or it can indicate that the used_in flags are set such that the constraints are ignored. This later case is used when running synth_design to not write synthesis constraints to the resulting checkpoint. Instead, project constraints are read when the synthesized design is opened.
INFO: [Common 17-1381] The checkpoint 'C:/Users/ASUS/Desktop/AN2_SEM2/AC/Mips_pipeline/mips_pipeline_v/mips_pipeline_v.runs/synth_1/test_env.dcp' has been generated.
INFO: [runtcl-4] Executing : report_utilization -file test_env_utilization_synth.rpt -pb test_env_utilization_synth.pb
INFO: [Common 17-206] Exiting Vivado at Tue Jun  4 16:25:37 2024...
