#-----------------------------------------------------------
# Vivado v2018.3 (64-bit)
# SW Build 2405991 on Thu Dec  6 23:38:27 MST 2018
# IP Build 2404404 on Fri Dec  7 01:43:56 MST 2018
# Start of session at: Tue Jun  4 16:03:51 2024
# Process ID: 16592
# Current directory: C:/Users/ASUS/Desktop/AN2_SEM2/AC/LAB1
# Command line: vivado.exe -gui_launcher_event rodinguilauncherevent16812 C:\Users\ASUS\Desktop\AN2_SEM2\AC\LAB1\lab1AC.xpr
# Log file: C:/Users/ASUS/Desktop/AN2_SEM2/AC/LAB1/vivado.log
# Journal file: C:/Users/ASUS/Desktop/AN2_SEM2/AC/LAB1\vivado.jou
#-----------------------------------------------------------
start_gui
open_project C:/Users/ASUS/Desktop/AN2_SEM2/AC/LAB1/lab1AC.xpr
Scanning sources...
Finished scanning sources
INFO: [IP_Flow 19-234] Refreshing IP repositories
INFO: [IP_Flow 19-1704] No user IP repositories specified
INFO: [IP_Flow 19-2313] Loaded Vivado IP repository 'C:/Xilinx/Vivado/2018.3/data/ip'.
open_project: Time (s): cpu = 00:00:28 ; elapsed = 00:00:15 . Memory (MB): peak = 765.105 ; gain = 159.234
update_compile_order -fileset sources_1
exit
INFO: [Common 17-206] Exiting Vivado at Tue Jun  4 16:04:50 2024...
