#-----------------------------------------------------------
# Vivado v2018.3 (64-bit)
# SW Build 2405991 on Thu Dec  6 23:38:27 MST 2018
# IP Build 2404404 on Fri Dec  7 01:43:56 MST 2018
# Start of session at: Sun Jun  2 19:59:41 2024
# Process ID: 8520
# Current directory: C:/Users/ASUS/Desktop/AN2_SEM2/AC/LAB1
# Command line: vivado.exe -gui_launcher_event rodinguilauncherevent18268 C:\Users\ASUS\AppData\Local\Temp\Rar$DIa19332.38835\mips_pipeline_v.xpr
# Log file: C:/Users/ASUS/Desktop/AN2_SEM2/AC/LAB1/vivado.log
# Journal file: C:/Users/ASUS/Desktop/AN2_SEM2/AC/LAB1\vivado.jou
#-----------------------------------------------------------
start_gui
open_project C:/Users/ASUS/Desktop/AN2_SEM2/AC/LAB1/mips_pipeline_v/mips_pipeline_v.xpr
Scanning sources...
Finished scanning sources
INFO: [IP_Flow 19-234] Refreshing IP repositories
INFO: [IP_Flow 19-1704] No user IP repositories specified
INFO: [Common 17-41] Interrupt caught. Command should exit soon.
INFO: [IP_Flow 19-2313] Loaded Vivado IP repository 'C:/Xilinx/Vivado/2018.3/data/ip'.
INFO: [IP_Flow 19-2338] Canceling the changes to the IP catalog. Reverting the catalog back to its previous state.
INFO: [IP_Flow 19-2340] The IP catalog has been returned to its previous state.
INFO: [Common 17-344] 'open_project' was cancelled
exit
INFO: [Common 17-206] Exiting Vivado at Sun Jun  2 20:01:49 2024...
