#-----------------------------------------------------------
# Vivado v2018.3 (64-bit)
# SW Build 2405991 on Thu Dec  6 23:38:27 MST 2018
# IP Build 2404404 on Fri Dec  7 01:43:56 MST 2018
# Start of session at: Wed Jun  5 11:58:06 2024
# Process ID: 8368
# Current directory: C:/Users/ASUS/Desktop/AN2_SEM2/AC/Mips_ciclu_unic/LAB1
# Command line: vivado.exe -gui_launcher_event rodinguilauncherevent9620 C:\Users\ASUS\Desktop\AN2_SEM2\AC\Mips_ciclu_unic\LAB1\lab1AC.xpr
# Log file: C:/Users/ASUS/Desktop/AN2_SEM2/AC/Mips_ciclu_unic/LAB1/vivado.log
# Journal file: C:/Users/ASUS/Desktop/AN2_SEM2/AC/Mips_ciclu_unic/LAB1\vivado.jou
#-----------------------------------------------------------
start_gui
open_project C:/Users/ASUS/Desktop/AN2_SEM2/AC/Mips_ciclu_unic/LAB1/lab1AC.xpr
Scanning sources...
Finished scanning sources
INFO: [IP_Flow 19-234] Refreshing IP repositories
INFO: [IP_Flow 19-1704] No user IP repositories specified
INFO: [IP_Flow 19-2313] Loaded Vivado IP repository 'C:/Xilinx/Vivado/2018.3/data/ip'.
open_project: Time (s): cpu = 00:00:38 ; elapsed = 00:00:26 . Memory (MB): peak = 768.602 ; gain = 162.551
update_compile_order -fileset sources_1
exit
INFO: [Common 17-206] Exiting Vivado at Wed Jun  5 13:21:48 2024...
