#-----------------------------------------------------------
# Vivado v2018.3 (64-bit)
# SW Build 2405991 on Thu Dec  6 23:38:27 MST 2018
# IP Build 2404404 on Fri Dec  7 01:43:56 MST 2018
# Start of session at: Tue Jun  4 22:08:37 2024
# Process ID: 17492
# Current directory: C:/Users/ASUS/Desktop/AN2_SEM2/AC/Mips_ciclu_unic/LAB1
# Command line: vivado.exe -gui_launcher_event rodinguilauncherevent9120 C:\Users\ASUS\Desktop\AN2_SEM2\AC\Mips_ciclu_unic\LAB1\lab1AC.xpr
# Log file: C:/Users/ASUS/Desktop/AN2_SEM2/AC/Mips_ciclu_unic/LAB1/vivado.log
# Journal file: C:/Users/ASUS/Desktop/AN2_SEM2/AC/Mips_ciclu_unic/LAB1\vivado.jou
#-----------------------------------------------------------
start_gui
open_project C:/Users/ASUS/Desktop/AN2_SEM2/AC/Mips_ciclu_unic/LAB1/lab1AC.xpr
INFO: [Project 1-313] Project file moved from 'C:/Users/ASUS/Desktop/AN2_SEM2/AC/LAB1' since last save.
WARNING: [Project 1-312] File not found as 'C:/Users/ASUS/Desktop/Downloads/NexysA7_test_env.xdc'; using path 'C:/Users/ASUS/Downloads/NexysA7_test_env.xdc' instead.
Scanning sources...
Finished scanning sources
WARNING: [Project 1-312] File not found as 'C:/Users/ASUS/Desktop/Downloads/NexysA7_test_env.xdc'; using path 'C:/Users/ASUS/Downloads/NexysA7_test_env.xdc' instead.
WARNING: [Project 1-312] File not found as 'C:/Users/ASUS/Desktop/Downloads/NexysA7_test_env.xdc'; using path 'C:/Users/ASUS/Downloads/NexysA7_test_env.xdc' instead.
INFO: [IP_Flow 19-234] Refreshing IP repositories
INFO: [IP_Flow 19-1704] No user IP repositories specified
INFO: [IP_Flow 19-2313] Loaded Vivado IP repository 'C:/Xilinx/Vivado/2018.3/data/ip'.
open_project: Time (s): cpu = 00:00:27 ; elapsed = 00:00:14 . Memory (MB): peak = 760.219 ; gain = 152.059
update_compile_order -fileset sources_1
exit
INFO: [Common 17-206] Exiting Vivado at Tue Jun  4 22:11:09 2024...
