#-----------------------------------------------------------
# Vivado v2018.3 (64-bit)
# SW Build 2405991 on Thu Dec  6 23:38:27 MST 2018
# IP Build 2404404 on Fri Dec  7 01:43:56 MST 2018
# Start of session at: Sun May 19 22:34:01 2024
# Process ID: 10200
# Current directory: C:/Users/ASUS/Desktop/AN2_SEM2/AC/LAB1/mips_pipeline_v
# Command line: vivado.exe -gui_launcher_event rodinguilauncherevent1272 C:\Users\ASUS\Desktop\AN2_SEM2\AC\LAB1\mips_pipeline_v\mips_pipeline_v.xpr
# Log file: C:/Users/ASUS/Desktop/AN2_SEM2/AC/LAB1/mips_pipeline_v/vivado.log
# Journal file: C:/Users/ASUS/Desktop/AN2_SEM2/AC/LAB1/mips_pipeline_v\vivado.jou
#-----------------------------------------------------------
start_gui
open_project C:/Users/ASUS/Desktop/AN2_SEM2/AC/LAB1/mips_pipeline_v/mips_pipeline_v.xpr
Scanning sources...
Finished scanning sources
INFO: [IP_Flow 19-234] Refreshing IP repositories
INFO: [IP_Flow 19-1704] No user IP repositories specified
INFO: [IP_Flow 19-2313] Loaded Vivado IP repository 'C:/Xilinx/Vivado/2018.3/data/ip'.
open_project: Time (s): cpu = 00:00:25 ; elapsed = 00:00:12 . Memory (MB): peak = 760.500 ; gain = 156.559
update_compile_order -fileset sources_1
exit
INFO: [Common 17-206] Exiting Vivado at Sun May 19 22:34:48 2024...
