#-----------------------------------------------------------
# Vivado v2018.3 (64-bit)
# SW Build 2405991 on Thu Dec  6 23:38:27 MST 2018
# IP Build 2404404 on Fri Dec  7 01:43:56 MST 2018
# Start of session at: Tue Jun  4 16:11:11 2024
# Process ID: 2808
# Current directory: C:/Users/ASUS/Desktop/AN2_SEM2/AC/Mips_pipeline/mips_pipeline_v
# Command line: vivado.exe -gui_launcher_event rodinguilauncherevent6940 C:\Users\ASUS\Desktop\AN2_SEM2\AC\Mips_pipeline\mips_pipeline_v\mips_pipeline_v.xpr
# Log file: C:/Users/ASUS/Desktop/AN2_SEM2/AC/Mips_pipeline/mips_pipeline_v/vivado.log
# Journal file: C:/Users/ASUS/Desktop/AN2_SEM2/AC/Mips_pipeline/mips_pipeline_v\vivado.jou
#-----------------------------------------------------------
start_gui
open_project C:/Users/ASUS/Desktop/AN2_SEM2/AC/Mips_pipeline/mips_pipeline_v/mips_pipeline_v.xpr
INFO: [Project 1-313] Project file moved from 'C:/Users/ASUS/Desktop/AN2_SEM2/AC/LAB1/mips_pipeline_v' since last save.
Scanning sources...
Finished scanning sources
INFO: [IP_Flow 19-234] Refreshing IP repositories
INFO: [IP_Flow 19-1704] No user IP repositories specified
INFO: [IP_Flow 19-2313] Loaded Vivado IP repository 'C:/Xilinx/Vivado/2018.3/data/ip'.
open_project: Time (s): cpu = 00:00:28 ; elapsed = 00:00:13 . Memory (MB): peak = 809.008 ; gain = 202.285
update_compile_order -fileset sources_1
add_files -fileset constrs_1 -norecurse C:/Users/ASUS/Downloads/NexysA7_test_env.xdc
reset_run synth_1
launch_runs impl_1 -to_step write_bitstream -jobs 2
[Tue Jun  4 16:24:40 2024] Launched synth_1...
Run output will be captured here: C:/Users/ASUS/Desktop/AN2_SEM2/AC/Mips_pipeline/mips_pipeline_v/mips_pipeline_v.runs/synth_1/runme.log
[Tue Jun  4 16:24:40 2024] Launched impl_1...
Run output will be captured here: C:/Users/ASUS/Desktop/AN2_SEM2/AC/Mips_pipeline/mips_pipeline_v/mips_pipeline_v.runs/impl_1/runme.log
open_run impl_1
INFO: [Netlist 29-17] Analyzing 5 Unisim elements for replacement
INFO: [Netlist 29-28] Unisim Transformation completed in 0 CPU seconds
INFO: [Project 1-479] Netlist was created with Vivado 2018.3
INFO: [Device 21-403] Loading part xc7a100tcsg324-1
INFO: [Project 1-570] Preparing netlist for logic optimization
INFO: [Timing 38-478] Restoring timing data from binary archive.
INFO: [Timing 38-479] Binary timing data restore complete.
INFO: [Project 1-856] Restoring constraints from binary archive.
INFO: [Project 1-853] Binary constraint restore complete.
Reading XDEF placement.
Reading placer database...
Reading XDEF routing.
Read XDEF File: Time (s): cpu = 00:00:01 ; elapsed = 00:00:00.083 . Memory (MB): peak = 1682.223 ; gain = 0.000
Restored from archive | CPU: 1.000000 secs | Memory: 0.000000 MB |
Finished XDEF File Restore: Time (s): cpu = 00:00:01 ; elapsed = 00:00:00.084 . Memory (MB): peak = 1682.223 ; gain = 0.000
Netlist sorting complete. Time (s): cpu = 00:00:00 ; elapsed = 00:00:00.001 . Memory (MB): peak = 1682.234 ; gain = 0.000
INFO: [Project 1-111] Unisim Transformation Summary:
No Unisim elements were transformed.

open_run: Time (s): cpu = 00:00:41 ; elapsed = 00:00:34 . Memory (MB): peak = 1790.508 ; gain = 877.160
reset_run impl_1 -prev_step 
launch_runs impl_1 -to_step write_bitstream -jobs 2
[Tue Jun  4 18:34:58 2024] Launched impl_1...
Run output will be captured here: C:/Users/ASUS/Desktop/AN2_SEM2/AC/Mips_pipeline/mips_pipeline_v/mips_pipeline_v.runs/impl_1/runme.log
synth_design -rtl -name rtl_1
Command: synth_design -rtl -name rtl_1
Starting synth_design
Using part: xc7a100tcsg324-1
Top: test_env
---------------------------------------------------------------------------------
Starting RTL Elaboration : Time (s): cpu = 00:00:06 ; elapsed = 00:00:06 . Memory (MB): peak = 1921.039 ; gain = 75.984
---------------------------------------------------------------------------------
INFO: [Synth 8-638] synthesizing module 'test_env' [C:/Users/ASUS/Desktop/AN2_SEM2/AC/Mips_pipeline/mips_pipeline_v/mips_pipeline_v.srcs/sources_1/new/test_env.vhd:14]
INFO: [Synth 8-3491] module 'MPG' declared at 'C:/Users/ASUS/Desktop/AN2_SEM2/AC/Mips_pipeline/mips_pipeline_v/mips_pipeline_v.srcs/sources_1/new/MPG.vhd:26' bound to instance 'monopulse' of component 'MPG' [C:/Users/ASUS/Desktop/AN2_SEM2/AC/Mips_pipeline/mips_pipeline_v/mips_pipeline_v.srcs/sources_1/new/test_env.vhd:147]
INFO: [Synth 8-638] synthesizing module 'MPG' [C:/Users/ASUS/Desktop/AN2_SEM2/AC/Mips_pipeline/mips_pipeline_v/mips_pipeline_v.srcs/sources_1/new/MPG.vhd:32]
INFO: [Synth 8-256] done synthesizing module 'MPG' (1#1) [C:/Users/ASUS/Desktop/AN2_SEM2/AC/Mips_pipeline/mips_pipeline_v/mips_pipeline_v.srcs/sources_1/new/MPG.vhd:32]
INFO: [Synth 8-3491] module 'IFetch' declared at 'C:/Users/ASUS/Desktop/AN2_SEM2/AC/Mips_pipeline/mips_pipeline_v/mips_pipeline_v.srcs/sources_1/new/IFetch.vhd:26' bound to instance 'inst_IFetch' of component 'IFetch' [C:/Users/ASUS/Desktop/AN2_SEM2/AC/Mips_pipeline/mips_pipeline_v/mips_pipeline_v.srcs/sources_1/new/test_env.vhd:150]
INFO: [Synth 8-638] synthesizing module 'IFetch' [C:/Users/ASUS/Desktop/AN2_SEM2/AC/Mips_pipeline/mips_pipeline_v/mips_pipeline_v.srcs/sources_1/new/IFetch.vhd:38]
INFO: [Synth 8-256] done synthesizing module 'IFetch' (2#1) [C:/Users/ASUS/Desktop/AN2_SEM2/AC/Mips_pipeline/mips_pipeline_v/mips_pipeline_v.srcs/sources_1/new/IFetch.vhd:38]
WARNING: [Synth 8-5640] Port 'writeaddress' is missing in component declaration [C:/Users/ASUS/Desktop/AN2_SEM2/AC/Mips_pipeline/mips_pipeline_v/mips_pipeline_v.srcs/sources_1/new/test_env.vhd:41]
INFO: [Synth 8-3491] module 'ID' declared at 'C:/Users/ASUS/Desktop/AN2_SEM2/AC/Mips_pipeline/mips_pipeline_v/mips_pipeline_v.srcs/sources_1/new/ID.vhd:14' bound to instance 'inst_ID' of component 'ID' [C:/Users/ASUS/Desktop/AN2_SEM2/AC/Mips_pipeline/mips_pipeline_v/mips_pipeline_v.srcs/sources_1/new/test_env.vhd:151]
INFO: [Synth 8-638] synthesizing module 'ID' [C:/Users/ASUS/Desktop/AN2_SEM2/AC/Mips_pipeline/mips_pipeline_v/mips_pipeline_v.srcs/sources_1/new/ID.vhd:30]
INFO: [Synth 8-256] done synthesizing module 'ID' (3#1) [C:/Users/ASUS/Desktop/AN2_SEM2/AC/Mips_pipeline/mips_pipeline_v/mips_pipeline_v.srcs/sources_1/new/ID.vhd:30]
INFO: [Synth 8-3491] module 'UC' declared at 'C:/Users/ASUS/Desktop/AN2_SEM2/AC/Mips_pipeline/mips_pipeline_v/mips_pipeline_v.srcs/sources_1/new/UC.vhd:25' bound to instance 'inst_UC' of component 'UC' [C:/Users/ASUS/Desktop/AN2_SEM2/AC/Mips_pipeline/mips_pipeline_v/mips_pipeline_v.srcs/sources_1/new/test_env.vhd:152]
INFO: [Synth 8-638] synthesizing module 'UC' [C:/Users/ASUS/Desktop/AN2_SEM2/AC/Mips_pipeline/mips_pipeline_v/mips_pipeline_v.srcs/sources_1/new/UC.vhd:38]
INFO: [Synth 8-256] done synthesizing module 'UC' (4#1) [C:/Users/ASUS/Desktop/AN2_SEM2/AC/Mips_pipeline/mips_pipeline_v/mips_pipeline_v.srcs/sources_1/new/UC.vhd:38]
INFO: [Synth 8-3491] module 'EX' declared at 'C:/Users/ASUS/Desktop/AN2_SEM2/AC/Mips_pipeline/mips_pipeline_v/mips_pipeline_v.srcs/sources_1/new/EX.vhd:16' bound to instance 'inst_EX' of component 'EX' [C:/Users/ASUS/Desktop/AN2_SEM2/AC/Mips_pipeline/mips_pipeline_v/mips_pipeline_v.srcs/sources_1/new/test_env.vhd:153]
INFO: [Synth 8-638] synthesizing module 'EX' [C:/Users/ASUS/Desktop/AN2_SEM2/AC/Mips_pipeline/mips_pipeline_v/mips_pipeline_v.srcs/sources_1/new/EX.vhd:35]
INFO: [Synth 8-226] default block is never used [C:/Users/ASUS/Desktop/AN2_SEM2/AC/Mips_pipeline/mips_pipeline_v/mips_pipeline_v.srcs/sources_1/new/EX.vhd:74]
INFO: [Synth 8-256] done synthesizing module 'EX' (5#1) [C:/Users/ASUS/Desktop/AN2_SEM2/AC/Mips_pipeline/mips_pipeline_v/mips_pipeline_v.srcs/sources_1/new/EX.vhd:35]
WARNING: [Synth 8-5640] Port 'writeaddress_in' is missing in component declaration [C:/Users/ASUS/Desktop/AN2_SEM2/AC/Mips_pipeline/mips_pipeline_v/mips_pipeline_v.srcs/sources_1/new/test_env.vhd:88]
WARNING: [Synth 8-5640] Port 'writeaddress_out' is missing in component declaration [C:/Users/ASUS/Desktop/AN2_SEM2/AC/Mips_pipeline/mips_pipeline_v/mips_pipeline_v.srcs/sources_1/new/test_env.vhd:88]
INFO: [Synth 8-3491] module 'MEM' declared at 'C:/Users/ASUS/Desktop/AN2_SEM2/AC/Mips_pipeline/mips_pipeline_v/mips_pipeline_v.srcs/sources_1/new/MEM.vhd:14' bound to instance 'inst_MEM' of component 'MEM' [C:/Users/ASUS/Desktop/AN2_SEM2/AC/Mips_pipeline/mips_pipeline_v/mips_pipeline_v.srcs/sources_1/new/test_env.vhd:154]
INFO: [Synth 8-638] synthesizing module 'MEM' [C:/Users/ASUS/Desktop/AN2_SEM2/AC/Mips_pipeline/mips_pipeline_v/mips_pipeline_v.srcs/sources_1/new/MEM.vhd:27]
INFO: [Synth 8-256] done synthesizing module 'MEM' (6#1) [C:/Users/ASUS/Desktop/AN2_SEM2/AC/Mips_pipeline/mips_pipeline_v/mips_pipeline_v.srcs/sources_1/new/MEM.vhd:27]
WARNING: [Synth 8-614] signal 'IF_ID' is read in the process but is not in the sensitivity list [C:/Users/ASUS/Desktop/AN2_SEM2/AC/Mips_pipeline/mips_pipeline_v/mips_pipeline_v.srcs/sources_1/new/test_env.vhd:156]
WARNING: [Synth 8-614] signal 'ID_EX' is read in the process but is not in the sensitivity list [C:/Users/ASUS/Desktop/AN2_SEM2/AC/Mips_pipeline/mips_pipeline_v/mips_pipeline_v.srcs/sources_1/new/test_env.vhd:156]
WARNING: [Synth 8-614] signal 'EX_MEM' is read in the process but is not in the sensitivity list [C:/Users/ASUS/Desktop/AN2_SEM2/AC/Mips_pipeline/mips_pipeline_v/mips_pipeline_v.srcs/sources_1/new/test_env.vhd:156]
INFO: [Synth 8-226] default block is never used [C:/Users/ASUS/Desktop/AN2_SEM2/AC/Mips_pipeline/mips_pipeline_v/mips_pipeline_v.srcs/sources_1/new/test_env.vhd:182]
INFO: [Synth 8-3491] module 'SSD' declared at 'C:/Users/ASUS/Desktop/AN2_SEM2/AC/Mips_pipeline/mips_pipeline_v/mips_pipeline_v.srcs/sources_1/new/SSD.vhd:26' bound to instance 'display' of component 'SSD' [C:/Users/ASUS/Desktop/AN2_SEM2/AC/Mips_pipeline/mips_pipeline_v/mips_pipeline_v.srcs/sources_1/new/test_env.vhd:192]
INFO: [Synth 8-638] synthesizing module 'SSD' [C:/Users/ASUS/Desktop/AN2_SEM2/AC/Mips_pipeline/mips_pipeline_v/mips_pipeline_v.srcs/sources_1/new/SSD.vhd:33]
INFO: [Synth 8-226] default block is never used [C:/Users/ASUS/Desktop/AN2_SEM2/AC/Mips_pipeline/mips_pipeline_v/mips_pipeline_v.srcs/sources_1/new/SSD.vhd:52]
INFO: [Synth 8-226] default block is never used [C:/Users/ASUS/Desktop/AN2_SEM2/AC/Mips_pipeline/mips_pipeline_v/mips_pipeline_v.srcs/sources_1/new/SSD.vhd:67]
INFO: [Synth 8-226] default block is never used [C:/Users/ASUS/Desktop/AN2_SEM2/AC/Mips_pipeline/mips_pipeline_v/mips_pipeline_v.srcs/sources_1/new/SSD.vhd:81]
INFO: [Synth 8-256] done synthesizing module 'SSD' (7#1) [C:/Users/ASUS/Desktop/AN2_SEM2/AC/Mips_pipeline/mips_pipeline_v/mips_pipeline_v.srcs/sources_1/new/SSD.vhd:33]
WARNING: [Synth 8-3848] Net Instruction in module/entity test_env does not have driver. [C:/Users/ASUS/Desktop/AN2_SEM2/AC/Mips_pipeline/mips_pipeline_v/mips_pipeline_v.srcs/sources_1/new/test_env.vhd:98]
WARNING: [Synth 8-3848] Net PCp4 in module/entity test_env does not have driver. [C:/Users/ASUS/Desktop/AN2_SEM2/AC/Mips_pipeline/mips_pipeline_v/mips_pipeline_v.srcs/sources_1/new/test_env.vhd:98]
WARNING: [Synth 8-3848] Net zero in module/entity test_env does not have driver. [C:/Users/ASUS/Desktop/AN2_SEM2/AC/Mips_pipeline/mips_pipeline_v/mips_pipeline_v.srcs/sources_1/new/test_env.vhd:102]
WARNING: [Synth 8-3848] Net Branch in module/entity test_env does not have driver. [C:/Users/ASUS/Desktop/AN2_SEM2/AC/Mips_pipeline/mips_pipeline_v/mips_pipeline_v.srcs/sources_1/new/test_env.vhd:106]
WARNING: [Synth 8-3848] Net MemData in module/entity test_env does not have driver. [C:/Users/ASUS/Desktop/AN2_SEM2/AC/Mips_pipeline/mips_pipeline_v/mips_pipeline_v.srcs/sources_1/new/test_env.vhd:99]
WARNING: [Synth 8-3848] Net ALURes1 in module/entity test_env does not have driver. [C:/Users/ASUS/Desktop/AN2_SEM2/AC/Mips_pipeline/mips_pipeline_v/mips_pipeline_v.srcs/sources_1/new/test_env.vhd:99]
WARNING: [Synth 8-3848] Net MemtoReg in module/entity test_env does not have driver. [C:/Users/ASUS/Desktop/AN2_SEM2/AC/Mips_pipeline/mips_pipeline_v/mips_pipeline_v.srcs/sources_1/new/test_env.vhd:106]
WARNING: [Synth 8-3848] Net RD1 in module/entity test_env does not have driver. [C:/Users/ASUS/Desktop/AN2_SEM2/AC/Mips_pipeline/mips_pipeline_v/mips_pipeline_v.srcs/sources_1/new/test_env.vhd:98]
WARNING: [Synth 8-3848] Net RD2 in module/entity test_env does not have driver. [C:/Users/ASUS/Desktop/AN2_SEM2/AC/Mips_pipeline/mips_pipeline_v/mips_pipeline_v.srcs/sources_1/new/test_env.vhd:98]
WARNING: [Synth 8-3848] Net Ext_imm in module/entity test_env does not have driver. [C:/Users/ASUS/Desktop/AN2_SEM2/AC/Mips_pipeline/mips_pipeline_v/mips_pipeline_v.srcs/sources_1/new/test_env.vhd:98]
WARNING: [Synth 8-3848] Net ALURes in module/entity test_env does not have driver. [C:/Users/ASUS/Desktop/AN2_SEM2/AC/Mips_pipeline/mips_pipeline_v/mips_pipeline_v.srcs/sources_1/new/test_env.vhd:99]
INFO: [Synth 8-256] done synthesizing module 'test_env' (8#1) [C:/Users/ASUS/Desktop/AN2_SEM2/AC/Mips_pipeline/mips_pipeline_v/mips_pipeline_v.srcs/sources_1/new/test_env.vhd:14]
WARNING: [Synth 8-3331] design test_env has unconnected port led[15]
WARNING: [Synth 8-3331] design test_env has unconnected port led[14]
WARNING: [Synth 8-3331] design test_env has unconnected port led[13]
WARNING: [Synth 8-3331] design test_env has unconnected port led[12]
WARNING: [Synth 8-3331] design test_env has unconnected port led[11]
WARNING: [Synth 8-3331] design test_env has unconnected port btn[4]
WARNING: [Synth 8-3331] design test_env has unconnected port btn[3]
WARNING: [Synth 8-3331] design test_env has unconnected port btn[2]
WARNING: [Synth 8-3331] design test_env has unconnected port sw[15]
WARNING: [Synth 8-3331] design test_env has unconnected port sw[14]
WARNING: [Synth 8-3331] design test_env has unconnected port sw[13]
WARNING: [Synth 8-3331] design test_env has unconnected port sw[12]
WARNING: [Synth 8-3331] design test_env has unconnected port sw[11]
WARNING: [Synth 8-3331] design test_env has unconnected port sw[10]
WARNING: [Synth 8-3331] design test_env has unconnected port sw[9]
WARNING: [Synth 8-3331] design test_env has unconnected port sw[8]
WARNING: [Synth 8-3331] design test_env has unconnected port sw[4]
WARNING: [Synth 8-3331] design test_env has unconnected port sw[3]
WARNING: [Synth 8-3331] design test_env has unconnected port sw[2]
WARNING: [Synth 8-3331] design test_env has unconnected port sw[1]
WARNING: [Synth 8-3331] design test_env has unconnected port sw[0]
---------------------------------------------------------------------------------
Finished RTL Elaboration : Time (s): cpu = 00:00:08 ; elapsed = 00:00:08 . Memory (MB): peak = 1942.793 ; gain = 97.738
---------------------------------------------------------------------------------

Report Check Netlist: 
+------+------------------+-------+---------+-------+------------------+
|      |Item              |Errors |Warnings |Status |Description       |
+------+------------------+-------+---------+-------+------------------+
|1     |multi_driven_nets |      0|        0|Passed |Multi driven nets |
+------+------------------+-------+---------+-------+------------------+
WARNING: [Synth 8-3295] tying undriven pin inst_IFetch:JumpAddress[31] to constant 0 [C:/Users/ASUS/Desktop/AN2_SEM2/AC/Mips_pipeline/mips_pipeline_v/mips_pipeline_v.srcs/sources_1/new/test_env.vhd:150]
WARNING: [Synth 8-3295] tying undriven pin inst_IFetch:JumpAddress[30] to constant 0 [C:/Users/ASUS/Desktop/AN2_SEM2/AC/Mips_pipeline/mips_pipeline_v/mips_pipeline_v.srcs/sources_1/new/test_env.vhd:150]
WARNING: [Synth 8-3295] tying undriven pin inst_IFetch:JumpAddress[29] to constant 0 [C:/Users/ASUS/Desktop/AN2_SEM2/AC/Mips_pipeline/mips_pipeline_v/mips_pipeline_v.srcs/sources_1/new/test_env.vhd:150]
WARNING: [Synth 8-3295] tying undriven pin inst_IFetch:JumpAddress[28] to constant 0 [C:/Users/ASUS/Desktop/AN2_SEM2/AC/Mips_pipeline/mips_pipeline_v/mips_pipeline_v.srcs/sources_1/new/test_env.vhd:150]
WARNING: [Synth 8-3295] tying undriven pin inst_IFetch:JumpAddress[27] to constant 0 [C:/Users/ASUS/Desktop/AN2_SEM2/AC/Mips_pipeline/mips_pipeline_v/mips_pipeline_v.srcs/sources_1/new/test_env.vhd:150]
WARNING: [Synth 8-3295] tying undriven pin inst_IFetch:JumpAddress[26] to constant 0 [C:/Users/ASUS/Desktop/AN2_SEM2/AC/Mips_pipeline/mips_pipeline_v/mips_pipeline_v.srcs/sources_1/new/test_env.vhd:150]
WARNING: [Synth 8-3295] tying undriven pin inst_IFetch:JumpAddress[25] to constant 0 [C:/Users/ASUS/Desktop/AN2_SEM2/AC/Mips_pipeline/mips_pipeline_v/mips_pipeline_v.srcs/sources_1/new/test_env.vhd:150]
WARNING: [Synth 8-3295] tying undriven pin inst_IFetch:JumpAddress[24] to constant 0 [C:/Users/ASUS/Desktop/AN2_SEM2/AC/Mips_pipeline/mips_pipeline_v/mips_pipeline_v.srcs/sources_1/new/test_env.vhd:150]
WARNING: [Synth 8-3295] tying undriven pin inst_IFetch:JumpAddress[23] to constant 0 [C:/Users/ASUS/Desktop/AN2_SEM2/AC/Mips_pipeline/mips_pipeline_v/mips_pipeline_v.srcs/sources_1/new/test_env.vhd:150]
WARNING: [Synth 8-3295] tying undriven pin inst_IFetch:JumpAddress[22] to constant 0 [C:/Users/ASUS/Desktop/AN2_SEM2/AC/Mips_pipeline/mips_pipeline_v/mips_pipeline_v.srcs/sources_1/new/test_env.vhd:150]
WARNING: [Synth 8-3295] tying undriven pin inst_IFetch:JumpAddress[21] to constant 0 [C:/Users/ASUS/Desktop/AN2_SEM2/AC/Mips_pipeline/mips_pipeline_v/mips_pipeline_v.srcs/sources_1/new/test_env.vhd:150]
WARNING: [Synth 8-3295] tying undriven pin inst_IFetch:JumpAddress[20] to constant 0 [C:/Users/ASUS/Desktop/AN2_SEM2/AC/Mips_pipeline/mips_pipeline_v/mips_pipeline_v.srcs/sources_1/new/test_env.vhd:150]
WARNING: [Synth 8-3295] tying undriven pin inst_IFetch:JumpAddress[19] to constant 0 [C:/Users/ASUS/Desktop/AN2_SEM2/AC/Mips_pipeline/mips_pipeline_v/mips_pipeline_v.srcs/sources_1/new/test_env.vhd:150]
WARNING: [Synth 8-3295] tying undriven pin inst_IFetch:JumpAddress[18] to constant 0 [C:/Users/ASUS/Desktop/AN2_SEM2/AC/Mips_pipeline/mips_pipeline_v/mips_pipeline_v.srcs/sources_1/new/test_env.vhd:150]
WARNING: [Synth 8-3295] tying undriven pin inst_IFetch:JumpAddress[17] to constant 0 [C:/Users/ASUS/Desktop/AN2_SEM2/AC/Mips_pipeline/mips_pipeline_v/mips_pipeline_v.srcs/sources_1/new/test_env.vhd:150]
WARNING: [Synth 8-3295] tying undriven pin inst_IFetch:JumpAddress[16] to constant 0 [C:/Users/ASUS/Desktop/AN2_SEM2/AC/Mips_pipeline/mips_pipeline_v/mips_pipeline_v.srcs/sources_1/new/test_env.vhd:150]
WARNING: [Synth 8-3295] tying undriven pin inst_IFetch:JumpAddress[15] to constant 0 [C:/Users/ASUS/Desktop/AN2_SEM2/AC/Mips_pipeline/mips_pipeline_v/mips_pipeline_v.srcs/sources_1/new/test_env.vhd:150]
WARNING: [Synth 8-3295] tying undriven pin inst_IFetch:JumpAddress[14] to constant 0 [C:/Users/ASUS/Desktop/AN2_SEM2/AC/Mips_pipeline/mips_pipeline_v/mips_pipeline_v.srcs/sources_1/new/test_env.vhd:150]
WARNING: [Synth 8-3295] tying undriven pin inst_IFetch:JumpAddress[13] to constant 0 [C:/Users/ASUS/Desktop/AN2_SEM2/AC/Mips_pipeline/mips_pipeline_v/mips_pipeline_v.srcs/sources_1/new/test_env.vhd:150]
WARNING: [Synth 8-3295] tying undriven pin inst_IFetch:JumpAddress[12] to constant 0 [C:/Users/ASUS/Desktop/AN2_SEM2/AC/Mips_pipeline/mips_pipeline_v/mips_pipeline_v.srcs/sources_1/new/test_env.vhd:150]
WARNING: [Synth 8-3295] tying undriven pin inst_IFetch:JumpAddress[11] to constant 0 [C:/Users/ASUS/Desktop/AN2_SEM2/AC/Mips_pipeline/mips_pipeline_v/mips_pipeline_v.srcs/sources_1/new/test_env.vhd:150]
WARNING: [Synth 8-3295] tying undriven pin inst_IFetch:JumpAddress[10] to constant 0 [C:/Users/ASUS/Desktop/AN2_SEM2/AC/Mips_pipeline/mips_pipeline_v/mips_pipeline_v.srcs/sources_1/new/test_env.vhd:150]
WARNING: [Synth 8-3295] tying undriven pin inst_IFetch:JumpAddress[9] to constant 0 [C:/Users/ASUS/Desktop/AN2_SEM2/AC/Mips_pipeline/mips_pipeline_v/mips_pipeline_v.srcs/sources_1/new/test_env.vhd:150]
WARNING: [Synth 8-3295] tying undriven pin inst_IFetch:JumpAddress[8] to constant 0 [C:/Users/ASUS/Desktop/AN2_SEM2/AC/Mips_pipeline/mips_pipeline_v/mips_pipeline_v.srcs/sources_1/new/test_env.vhd:150]
WARNING: [Synth 8-3295] tying undriven pin inst_IFetch:JumpAddress[7] to constant 0 [C:/Users/ASUS/Desktop/AN2_SEM2/AC/Mips_pipeline/mips_pipeline_v/mips_pipeline_v.srcs/sources_1/new/test_env.vhd:150]
WARNING: [Synth 8-3295] tying undriven pin inst_IFetch:JumpAddress[6] to constant 0 [C:/Users/ASUS/Desktop/AN2_SEM2/AC/Mips_pipeline/mips_pipeline_v/mips_pipeline_v.srcs/sources_1/new/test_env.vhd:150]
WARNING: [Synth 8-3295] tying undriven pin inst_IFetch:JumpAddress[5] to constant 0 [C:/Users/ASUS/Desktop/AN2_SEM2/AC/Mips_pipeline/mips_pipeline_v/mips_pipeline_v.srcs/sources_1/new/test_env.vhd:150]
WARNING: [Synth 8-3295] tying undriven pin inst_IFetch:JumpAddress[4] to constant 0 [C:/Users/ASUS/Desktop/AN2_SEM2/AC/Mips_pipeline/mips_pipeline_v/mips_pipeline_v.srcs/sources_1/new/test_env.vhd:150]
WARNING: [Synth 8-3295] tying undriven pin inst_IFetch:JumpAddress[3] to constant 0 [C:/Users/ASUS/Desktop/AN2_SEM2/AC/Mips_pipeline/mips_pipeline_v/mips_pipeline_v.srcs/sources_1/new/test_env.vhd:150]
WARNING: [Synth 8-3295] tying undriven pin inst_IFetch:JumpAddress[2] to constant 0 [C:/Users/ASUS/Desktop/AN2_SEM2/AC/Mips_pipeline/mips_pipeline_v/mips_pipeline_v.srcs/sources_1/new/test_env.vhd:150]
WARNING: [Synth 8-3295] tying undriven pin inst_ID:WriteAddress[4] to constant 0 [C:/Users/ASUS/Desktop/AN2_SEM2/AC/Mips_pipeline/mips_pipeline_v/mips_pipeline_v.srcs/sources_1/new/test_env.vhd:151]
WARNING: [Synth 8-3295] tying undriven pin inst_ID:WriteAddress[3] to constant 0 [C:/Users/ASUS/Desktop/AN2_SEM2/AC/Mips_pipeline/mips_pipeline_v/mips_pipeline_v.srcs/sources_1/new/test_env.vhd:151]
WARNING: [Synth 8-3295] tying undriven pin inst_ID:WriteAddress[2] to constant 0 [C:/Users/ASUS/Desktop/AN2_SEM2/AC/Mips_pipeline/mips_pipeline_v/mips_pipeline_v.srcs/sources_1/new/test_env.vhd:151]
WARNING: [Synth 8-3295] tying undriven pin inst_ID:WriteAddress[1] to constant 0 [C:/Users/ASUS/Desktop/AN2_SEM2/AC/Mips_pipeline/mips_pipeline_v/mips_pipeline_v.srcs/sources_1/new/test_env.vhd:151]
WARNING: [Synth 8-3295] tying undriven pin inst_ID:WriteAddress[0] to constant 0 [C:/Users/ASUS/Desktop/AN2_SEM2/AC/Mips_pipeline/mips_pipeline_v/mips_pipeline_v.srcs/sources_1/new/test_env.vhd:151]
WARNING: [Synth 8-3295] tying undriven pin inst_MEM:Writeaddress_in[4] to constant 0 [C:/Users/ASUS/Desktop/AN2_SEM2/AC/Mips_pipeline/mips_pipeline_v/mips_pipeline_v.srcs/sources_1/new/test_env.vhd:154]
WARNING: [Synth 8-3295] tying undriven pin inst_MEM:Writeaddress_in[3] to constant 0 [C:/Users/ASUS/Desktop/AN2_SEM2/AC/Mips_pipeline/mips_pipeline_v/mips_pipeline_v.srcs/sources_1/new/test_env.vhd:154]
WARNING: [Synth 8-3295] tying undriven pin inst_MEM:Writeaddress_in[2] to constant 0 [C:/Users/ASUS/Desktop/AN2_SEM2/AC/Mips_pipeline/mips_pipeline_v/mips_pipeline_v.srcs/sources_1/new/test_env.vhd:154]
WARNING: [Synth 8-3295] tying undriven pin inst_MEM:Writeaddress_in[1] to constant 0 [C:/Users/ASUS/Desktop/AN2_SEM2/AC/Mips_pipeline/mips_pipeline_v/mips_pipeline_v.srcs/sources_1/new/test_env.vhd:154]
WARNING: [Synth 8-3295] tying undriven pin inst_MEM:Writeaddress_in[0] to constant 0 [C:/Users/ASUS/Desktop/AN2_SEM2/AC/Mips_pipeline/mips_pipeline_v/mips_pipeline_v.srcs/sources_1/new/test_env.vhd:154]
---------------------------------------------------------------------------------
Start Handling Custom Attributes
---------------------------------------------------------------------------------
---------------------------------------------------------------------------------
Finished Handling Custom Attributes : Time (s): cpu = 00:00:08 ; elapsed = 00:00:08 . Memory (MB): peak = 1942.793 ; gain = 97.738
---------------------------------------------------------------------------------
---------------------------------------------------------------------------------
Finished RTL Optimization Phase 1 : Time (s): cpu = 00:00:08 ; elapsed = 00:00:08 . Memory (MB): peak = 1942.793 ; gain = 97.738
---------------------------------------------------------------------------------
INFO: [Project 1-570] Preparing netlist for logic optimization

Processing XDC Constraints
Initializing timing engine
Parsing XDC File [C:/Users/ASUS/Downloads/NexysA7_test_env.xdc]
Finished Parsing XDC File [C:/Users/ASUS/Downloads/NexysA7_test_env.xdc]
Completed Processing XDC Constraints

INFO: [Opt 31-138] Pushed 0 inverter(s) to 0 load pin(s).
Netlist sorting complete. Time (s): cpu = 00:00:00 ; elapsed = 00:00:00 . Memory (MB): peak = 2088.906 ; gain = 0.000
INFO: [Project 1-111] Unisim Transformation Summary:
No Unisim elements were transformed.

RTL Elaboration Complete:  : Time (s): cpu = 00:00:21 ; elapsed = 00:00:19 . Memory (MB): peak = 2160.473 ; gain = 315.418
31 Infos, 78 Warnings, 0 Critical Warnings and 0 Errors encountered.
synth_design completed successfully
synth_design: Time (s): cpu = 00:00:21 ; elapsed = 00:00:19 . Memory (MB): peak = 2160.473 ; gain = 315.418
exit
INFO: [Common 17-206] Exiting Vivado at Tue Jun  4 22:07:28 2024...
